Archive member included because of file (symbol)

d:/devkitPro/libogc/lib/wii\libwiiuse.a(wpad.o)
                              wiibasics.o (WPAD_ButtonsDown)
d:/devkitPro/libogc/lib/wii\libwiiuse.a(dynamics.o)
                              d:/devkitPro/libogc/lib/wii\libwiiuse.a(wpad.o) (calculate_gforce)
d:/devkitPro/libogc/lib/wii\libwiiuse.a(io_wii.o)
                              d:/devkitPro/libogc/lib/wii\libwiiuse.a(wpad.o) (wiiuse_disconnect)
d:/devkitPro/libogc/lib/wii\libwiiuse.a(ir.o)
                              d:/devkitPro/libogc/lib/wii\libwiiuse.a(wpad.o) (wiiuse_set_ir_vres)
d:/devkitPro/libogc/lib/wii\libwiiuse.a(wiiuse.o)
                              d:/devkitPro/libogc/lib/wii\libwiiuse.a(wpad.o) (wiiuse_set_flags)
d:/devkitPro/libogc/lib/wii\libwiiuse.a(events.o)
                              d:/devkitPro/libogc/lib/wii\libwiiuse.a(io_wii.o) (parse_event)
d:/devkitPro/libogc/lib/wii\libwiiuse.a(guitar_hero_3.o)
                              d:/devkitPro/libogc/lib/wii\libwiiuse.a(events.o) (guitar_hero_3_event)
d:/devkitPro/libogc/lib/wii\libwiiuse.a(io.o)
                              d:/devkitPro/libogc/lib/wii\libwiiuse.a(events.o) (wiiuse_disable_expansion)
d:/devkitPro/libogc/lib/wii\libwiiuse.a(nunchuk.o)
                              d:/devkitPro/libogc/lib/wii\libwiiuse.a(events.o) (nunchuk_event)
d:/devkitPro/libogc/lib/wii\libwiiuse.a(classic.o)
                              d:/devkitPro/libogc/lib/wii\libwiiuse.a(events.o) (classic_ctrl_event)
d:/devkitPro/libogc/lib/wii\libbte.a(bte.o)
                              d:/devkitPro/libogc/lib/wii\libwiiuse.a(io_wii.o) (bte_arg)
d:/devkitPro/libogc/lib/wii\libbte.a(hci.o)
                              d:/devkitPro/libogc/lib/wii\libbte.a(bte.o) (hci_arg)
d:/devkitPro/libogc/lib/wii\libbte.a(l2cap.o)
                              d:/devkitPro/libogc/lib/wii\libbte.a(hci.o) (lp_connect_ind)
d:/devkitPro/libogc/lib/wii\libbte.a(btmemb.o)
                              d:/devkitPro/libogc/lib/wii\libbte.a(bte.o) (btmemb_alloc)
d:/devkitPro/libogc/lib/wii\libbte.a(btmemr.o)
                              d:/devkitPro/libogc/lib/wii\libbte.a(hci.o) (btmemr_init)
d:/devkitPro/libogc/lib/wii\libbte.a(btpbuf.o)
                              d:/devkitPro/libogc/lib/wii\libbte.a(hci.o) (btpbuf_header)
d:/devkitPro/libogc/lib/wii\libbte.a(physbusif.o)
                              d:/devkitPro/libogc/lib/wii\libbte.a(bte.o) (physbusif_close)
d:/devkitPro/libogc/lib/wii\libogc.a(console.o)
                              wiibasics.o (CON_Init)
d:/devkitPro/libogc/lib/wii\libogc.a(lwp_queue.o)
                              d:/devkitPro/libogc/lib/wii\libwiiuse.a(io_wii.o) (__lwp_queue_initialize)
d:/devkitPro/libogc/lib/wii\libogc.a(lwp_threads.o)
                              d:/devkitPro/libogc/lib/wii\libwiiuse.a(wpad.o) (_thread_dispatch_disable_level)
d:/devkitPro/libogc/lib/wii\libogc.a(lwp.o)
                              d:/devkitPro/libogc/lib/wii\libbte.a(bte.o) (LWP_ThreadSignal)
d:/devkitPro/libogc/lib/wii\libogc.a(lwp_handler.o)
                              d:/devkitPro/libogc/lib/wii\libogc.a(lwp_threads.o) (_cpu_context_save_fp)
d:/devkitPro/libogc/lib/wii\libogc.a(lwp_stack.o)
                              d:/devkitPro/libogc/lib/wii\libogc.a(lwp_threads.o) (__lwp_stack_free)
d:/devkitPro/libogc/lib/wii\libogc.a(lwp_watchdog.o)
                              d:/devkitPro/libogc/lib/wii\libogc.a(lwp_threads.o) (_wd_ticks_queue)
d:/devkitPro/libogc/lib/wii\libogc.a(lwp_wkspace.o)
                              d:/devkitPro/libogc/lib/wii\libwiiuse.a(io_wii.o) (__wkspace_heap)
d:/devkitPro/libogc/lib/wii\libogc.a(lwp_objmgr.o)
                              d:/devkitPro/libogc/lib/wii\libogc.a(lwp.o) (__lwp_objmgr_getnoprotection)
d:/devkitPro/libogc/lib/wii\libogc.a(lwp_heap.o)
                              d:/devkitPro/libogc/lib/wii\libogc.a(lwp_wkspace.o) (__lwp_heap_init)
d:/devkitPro/libogc/lib/wii\libogc.a(sys_state.o)
                              d:/devkitPro/libogc/lib/wii\libogc.a(lwp_threads.o) (_sys_state_curr)
d:/devkitPro/libogc/lib/wii\libogc.a(irq.o)
                              d:/devkitPro/libogc/lib/wii\libwiiuse.a(io_wii.o) (IRQ_Disable)
d:/devkitPro/libogc/lib/wii\libogc.a(video.o)
                              d:/devkitPro/libogc/lib/wii\libogc.a(console.o) (VIDEO_GetCurrentFramebuffer)
d:/devkitPro/libogc/lib/wii\libogc.a(system.o)
                              d:/devkitPro/libogc/lib/wii\libogc.a(video.o) (__SYS_LockSram)
d:/devkitPro/libogc/lib/wii\libogc.a(system_asm.o)
                              d:/devkitPro/libogc/lib/wii\libogc.a(system.o) (__realmode)
d:/devkitPro/libogc/lib/wii\libogc.a(cond.o)
                              d:/devkitPro/libogc/lib/wii\libogc.a(system.o) (__lwp_cond_init)
d:/devkitPro/libogc/lib/wii\libogc.a(decrementer.o)
[...]
Memory Configuration

Name             Origin             Length             Attributes
*default*        0x00000000         0xffffffff

Linker script and memory map

                0x80003f00                . = 0x80003f00

.header         0x80003f00       0xe4
                0x80003f00                file_start = .
                0x80003f00        0x4 LONG 0x100 text_file_start
                0x80003f04        0x4 LONG 0x0
                0x80003f08        0x4 LONG 0x0
                0x80003f0c        0x4 LONG 0x0
                0x80003f10        0x4 LONG 0x0
                0x80003f14        0x4 LONG 0x0
                0x80003f18        0x4 LONG 0x0
                0x80003f1c        0x4 LONG 0x2ee20 data_file_start
                0x80003f20        0x4 LONG 0x0
                0x80003f24        0x4 LONG 0x0
                0x80003f28        0x4 LONG 0x0
                0x80003f2c        0x4 LONG 0x0
                0x80003f30        0x4 LONG 0x0
                0x80003f34        0x4 LONG 0x0
                0x80003f38        0x4 LONG 0x0
                0x80003f3c        0x4 LONG 0x0
                0x80003f40        0x4 LONG 0x0
                0x80003f44        0x4 LONG 0x0
                0x80003f48        0x4 LONG 0x80004000 text_mem_start
                0x80003f4c        0x4 LONG 0x0
                0x80003f50        0x4 LONG 0x0
                0x80003f54        0x4 LONG 0x0
                0x80003f58        0x4 LONG 0x0
                0x80003f5c        0x4 LONG 0x0
                0x80003f60        0x4 LONG 0x0
                0x80003f64        0x4 LONG 0x80032d20 data_mem_start
                0x80003f68        0x4 LONG 0x0
                0x80003f6c        0x4 LONG 0x0
                0x80003f70        0x4 LONG 0x0
                0x80003f74        0x4 LONG 0x0
                0x80003f78        0x4 LONG 0x0
                0x80003f7c        0x4 LONG 0x0
                0x80003f80        0x4 LONG 0x0
                0x80003f84        0x4 LONG 0x0
                0x80003f88        0x4 LONG 0x0
                0x80003f8c        0x4 LONG 0x0
                0x80003f90        0x4 LONG 0x2ed20 text_mem_size
                0x80003f94        0x4 LONG 0x0
                0x80003f98        0x4 LONG 0x0
                0x80003f9c        0x4 LONG 0x0
                0x80003fa0        0x4 LONG 0x0
                0x80003fa4        0x4 LONG 0x0
                0x80003fa8        0x4 LONG 0x0
                0x80003fac        0x4 LONG 0x71e0 data_mem_size
                0x80003fb0        0x4 LONG 0x0
                0x80003fb4        0x4 LONG 0x0
                0x80003fb8        0x4 LONG 0x0
                0x80003fbc        0x4 LONG 0x0
                0x80003fc0        0x4 LONG 0x0
                0x80003fc4        0x4 LONG 0x0
                0x80003fc8        0x4 LONG 0x0
                0x80003fcc        0x4 LONG 0x0
                0x80003fd0        0x4 LONG 0x0
                0x80003fd4        0x4 LONG 0x0
                0x80003fd8        0x4 LONG 0x80039f00 bss_mem_start
                0x80003fdc        0x4 LONG 0x7d520 bss_mem_size
                0x80003fe0        0x4 LONG 0x80004000 ABSOLUTE (_start)
                0x80004000                . = (file_start + 0x100)
                0x80004000                text_mem_start = .

.init           0x80004000      0x208
 *crt0.o(*.init)
 .init          0x80004000      0x1e4 d:/devkitPro/libogc/lib/wii\libogc.a(ogc_crt0.o)
                0x8000419c                _memset
                0x80004000                _start
                0x800041cc                video_line
 *(.init)
 .init          0x800041e4        0xc d:/devkitpro/devkitppc/bin/../lib/gcc/powerpc-gekko/4.2.3/ecrti.o
                0x800041e4                __init
 .init          0x800041f0        0x4 d:/devkitpro/devkitppc/bin/../lib/gcc/powerpc-gekko/4.2.3/crtbegin.o
 .init          0x800041f4        0x4 d:/devkitpro/devkitppc/bin/../lib/gcc/powerpc-gekko/4.2.3/crtend.o
 .init          0x800041f8       0x10 d:/devkitpro/devkitppc/bin/../lib/gcc/powerpc-gekko/4.2.3/ecrtn.o

.plt
 *(.plt)

.interp
 *(.interp)

.hash
 *(.hash)

.dynsym
 *(.dynsym)

.dynstr
 *(.dynstr)

.gnu.version
 *(.gnu.version)

.gnu.version_d
 *(.gnu.version_d)

.gnu.version_r
 *(.gnu.version_r)

.rel.init
 *(.rel.init)

.rela.init      0x80004208        0x0
 *(.rela.init)
 .rela.init     0x00000000        0x0 d:/devkitpro/devkitppc/bin/../lib/gcc/powerpc-gekko/4.2.3/crtbegin.o

.rel.text
 *(.rel.text .rel.text.* .rel.gnu.linkonce.t.*)

.rela.text      0x80004208        0x0
 *(.rela.text .rela.text.* .rela.gnu.linkonce.t.*)
 .rela.text     0x00000000        0x0 d:/devkitpro/devkitppc/bin/../lib/gcc/powerpc-gekko/4.2.3/crtbegin.o
 .rela.text.Identify_SU
                0x00000000        0x0 d:/devkitpro/devkitppc/bin/../lib/gcc/powerpc-gekko/4.2.3/crtbegin.o
 .rela.text.Identify_SysMenu
                0x00000000        0x0 d:/devkitpro/devkitppc/bin/../lib/gcc/powerpc-gekko/4.2.3/crtbegin.o
 .rela.text.checkRegion
                0x00000000        0x0 d:/devkitpro/devkitppc/bin/../lib/gcc/powerpc-gekko/4.2.3/crtbegin.o
 .rela.text.updatePage
                0x00000000        0x0 d:/devkitpro/devkitppc/bin/../lib/gcc/powerpc-gekko/4.2.3/crtbegin.o
 .rela.text.updateTitleList
                0x00000000        0x0 d:/devkitpro/devkitppc/bin/../lib/gcc/powerpc-gekko/4.2.3/crtbegin.o
 .rela.text.printMenuList
                0x00000000        0x0 d:/devkitpro/devkitppc/bin/../lib/gcc/powerpc-gekko/4.2.3/crtbegin.o
 .rela.text.uninstallChecked
                0x00000000        0x0 d:/devkitpro/devkitppc/bin/../lib/gcc/powerpc-gekko/4.2.3/crtbegin.o
 .rela.text.parseCommand
                0x00000000        0x0 d:/devkitpro/devkitppc/bin/../lib/gcc/powerpc-gekko/4.2.3/crtbegin.o
 .rela.text.__getTitles
                0x00000000        0x0 d:/devkitpro/devkitppc/bin/../lib/gcc/powerpc-gekko/4.2.3/crtbegin.o
 .rela.text.getTitles_Type
                0x00000000        0x0 d:/devkitpro/devkitppc/bin/../lib/gcc/powerpc-gekko/4.2.3/crtbegin.o
 .rela.text.getTitles_TypeCount
                0x00000000        0x0 d:/devkitpro/devkitppc/bin/../lib/gcc/powerpc-gekko/4.2.3/crtbegin.o
 .rela.text.Uninstall_DeleteTicket
                0x00000000        0x0 d:/devkitpro/devkitppc/bin/../lib/gcc/powerpc-gekko/4.2.3/crtbegin.o
 .rela.text.Uninstall_DeleteTitle
                0x00000000        0x0 d:/devkitpro/devkitppc/bin/../lib/gcc/powerpc-gekko/4.2.3/crtbegin.o
 .rela.text.Uninstall_RemoveTicket
                0x00000000        0x0 d:/devkitpro/devkitppc/bin/../lib/gcc/powerpc-gekko/4.2.3/crtbegin.o
 .rela.text.Uninstall_RemoveTitle
                0x00000000        0x0 d:/devkitpro/devkitppc/bin/../lib/gcc/powerpc-gekko/4.2.3/crtbegin.o
 .rela.text.Uninstall_RemoveTitleContents
                0x00000000        0x0 d:/devkitpro/devkitppc/bin/../lib/gcc/powerpc-gekko/4.2.3/crtbegin.o
 .rela.text.miscDeInit
                0x00000000        0x0 d:/devkitpro/devkitppc/bin/../lib/gcc/powerpc-gekko/4.2.3/crtbegin.o
 .rela.text.miscInit
                0x00000000        0x0 d:/devkitpro/devkitppc/bin/../lib/gcc/powerpc-gekko/4.2.3/crtbegin.o
 .rela.text.wiiuse_init_cmd_queue
                0x00000000        0x0 d:/devkitpro/devkitppc/bin/../lib/gcc/powerpc-gekko/4.2.3/crtbegin.o
 .rela.text.wiiuse_init
                0x00000000        0x0 d:/devkitpro/devkitppc/bin/../lib/gcc/powerpc-gekko/4.2.3/crtbegin.o
 .rela.text.guitar_hero_3_handshake
                0x00000000        0x0 d:/devkitpro/devkitppc/bin/../lib/gcc/powerpc-gekko/4.2.3/crtbegin.o
 .rela.text.wiiuse_handshake
                0x00000000        0x0 d:/devkitpro/devkitppc/bin/../lib/gcc/powerpc-gekko/4.2.3/crtbegin.o
 .rela.text.wiiuse_handshake_expansion
                0x00000000        0x0 d:/devkitpro/devkitppc/bin/../lib/gcc/powerpc-gekko/4.2.3/crtbegin.o
 .rela.text.wiiuse_handshake_expansion_enabled
                0x00000000        0x0 d:/devkitpro/devkitppc/bin/../lib/gcc/powerpc-gekko/4.2.3/crtbegin.o
 .rela.text.bt_alarmhandler
                0x00000000        0x0 d:/devkitpro/devkitppc/bin/../lib/gcc/powerpc-gekko/4.2.3/crtbegin.o
 .rela.text.__console_init_ex
                0x00000000        0x0 d:/devkitpro/devkitppc/bin/../lib/gcc/powerpc-gekko/4.2.3/crtbegin.o
 .rela.text.__console_init
                0x00000000        0x0 d:/devkitpro/devkitppc/bin/../lib/gcc/powerpc-gekko/4.2.3/crtbegin.o
 .rela.text.__lwp_rotate_readyqueue
                0x00000000        0x0 d:/devkitpro/devkitppc/bin/../lib/gcc/powerpc-gekko/4.2.3/crtbegin.o
 .rela.text.__lwp_thread_setstate
                0x00000000        0x0 d:/devkitpro/devkitppc/bin/../lib/gcc/powerpc-gekko/4.2.3/crtbegin.o
 .rela.text.__lwp_thread_setpriority
                0x00000000        0x0 d:/devkitpro/devkitppc/bin/../lib/gcc/powerpc-gekko/4.2.3/crtbegin.o
 .rela.text.__lwp_thread_ready
                0x00000000        0x0 d:/devkitpro/devkitppc/bin/../lib/gcc/powerpc-gekko/4.2.3/crtbegin.o
 .rela.text.__lwp_thread_close
                0x00000000        0x0 d:/devkitpro/devkitppc/bin/../lib/gcc/powerpc-gekko/4.2.3/crtbegin.o
 .rela.text.__lwp_thread_stopmultitasking
                0x00000000        0x0 d:/devkitpro/devkitppc/bin/../lib/gcc/powerpc-gekko/4.2.3/crtbegin.o
 .rela.text.__lwp_thread_startmultitasking
                0x00000000        0x0 d:/devkitpro/devkitppc/bin/../lib/gcc/powerpc-gekko/4.2.3/crtbegin.o
 .rela.text.__lwp_thread_closeall
                0x00000000        0x0 d:/devkitpro/devkitppc/bin/../lib/gcc/powerpc-gekko/4.2.3/crtbegin.o
 .rela.text.__lwp_thread_changepriority
                0x00000000        0x0 d:/devkitpro/devkitppc/bin/../lib/gcc/powerpc-gekko/4.2.3/crtbegin.o
 .rela.text.__lwp_thread_coreinit
                0x00000000        0x0 d:/devkitpro/devkitppc/bin/../lib/gcc/powerpc-gekko/4.2.3/crtbegin.o
 .rela.text.__lwp_thread_suspend
                0x00000000        0x0 d:/devkitpro/devkitppc/bin/../lib/gcc/powerpc-gekko/4.2.3/crtbegin.o
 .rela.text.__lwp_thread_context
                0x00000000        0x0 d:/devkitpro/devkitppc/bin/../lib/gcc/powerpc-gekko/4.2.3/crtbegin.o
 .rela.text.__lwp_thread_exists
                0x00000000        0x0 d:/devkitpro/devkitppc/bin/../lib/gcc/powerpc-gekko/4.2.3/crtbegin.o
 .rela.text.__lwp_thread_isalive
                0x00000000        0x0 d:/devkitpro/devkitppc/bin/../lib/gcc/powerpc-gekko/4.2.3/crtbegin.o
 .rela.text.__lwp_sysinit
                0x00000000        0x0 d:/devkitpro/devkitppc/bin/../lib/gcc/powerpc-gekko/4.2.3/crtbegin.o
 .rela.text.LWP_ThreadSignal
                0x00000000        0x0 d:/devkitpro/devkitppc/bin/../lib/gcc/powerpc-gekko/4.2.3/crtbegin.o
 .rela.text.LWP_ThreadBroadcast
                0x00000000        0x0 d:/devkitpro/devkitppc/bin/../lib/gcc/powerpc-gekko/4.2.3/crtbegin.o
 .rela.text.LWP_ThreadSleep
                0x00000000        0x0 d:/devkitpro/devkitppc/bin/../lib/gcc/powerpc-gekko/4.2.3/crtbegin.o
 .rela.text.LWP_CloseQueue
                0x00000000        0x0 d:/devkitpro/devkitppc/bin/../lib/gcc/powerpc-gekko/4.2.3/crtbegin.o
 .rela.text.LWP_InitQueue
                0x00000000        0x0 d:/devkitpro/devkitppc/bin/../lib/gcc/powerpc-gekko/4.2.3/crtbegin.o
 .rela.text.LWP_JoinThread
                0x00000000        0x0 d:/devkitpro/devkitppc/bin/../lib/gcc/powerpc-gekko/4.2.3/crtbegin.o
 .rela.text.LWP_ThreadIsSuspended
                0x00000000        0x0 d:/devkitpro/devkitppc/bin/../lib/gcc/powerpc-gekko/4.2.3/crtbegin.o
 .rela.text.LWP_SetThreadPriority
                0x00000000        0x0 d:/devkitpro/devkitppc/bin/../lib/gcc/powerpc-gekko/4.2.3/crtbegin.o
 .rela.text.LWP_ResumeThread
                0x00000000        0x0 d:/devkitpro/devkitppc/bin/../lib/gcc/powerpc-gekko/4.2.3/crtbegin.o
 .rela.text.LWP_SuspendThread
                0x00000000        0x0 d:/devkitpro/devkitppc/bin/../lib/gcc/powerpc-gekko/4.2.3/crtbegin.o
 .rela.text.LWP_CreateThread
                0x00000000        0x0 d:/devkitpro/devkitppc/bin/../lib/gcc/powerpc-gekko/4.2.3/crtbegin.o
 .rela.text.__lwp_stack_free
                0x00000000        0x0 d:/devkitpro/devkitppc/bin/../lib/gcc/powerpc-gekko/4.2.3/crtbegin.o
 .rela.text.__lwp_stack_allocate
                0x00000000        0x0 d:/devkitpro/devkitppc/bin/../lib/gcc/powerpc-gekko/4.2.3/crtbegin.o
 .rela.text.__lwp_watchdog_init
                0x00000000        0x0 d:/devkitpro/devkitppc/bin/../lib/gcc/powerpc-gekko/4.2.3/crtbegin.o
 .rela.text.__lwp_wd_tickle
                0x00000000        0x0 d:/devkitpro/devkitppc/bin/../lib/gcc/powerpc-gekko/4.2.3/crtbegin.o
 .rela.text.__lwp_wkspace_init
                0x00000000        0x0 d:/devkitpro/devkitppc/bin/../lib/gcc/powerpc-gekko/4.2.3/crtbegin.o
 .rela.text.__lwp_wkspace_heapused
                0x00000000        0x0 d:/devkitpro/devkitppc/bin/../lib/gcc/powerpc-gekko/4.2.3/crtbegin.o
 .rela.text.__lwp_wkspace_heapfree
                0x00000000        0x0 d:/devkitpro/devkitppc/bin/../lib/gcc/powerpc-gekko/4.2.3/crtbegin.o
 .rela.text.__lwp_objmgr_initinfo
                0x00000000        0x0 d:/devkitpro/devkitppc/bin/../lib/gcc/powerpc-gekko/4.2.3/crtbegin.o
 .rela.text.__irq_init
                0x00000000        0x0 d:/devkitpro/devkitppc/bin/../lib/gcc/powerpc-gekko/4.2.3/crtbegin.o
 .rela.text.__sram_sync
                0x00000000        0x0 d:/devkitpro/devkitppc/bin/../lib/gcc/powerpc-gekko/4.2.3/crtbegin.o
 .rela.text.__locksram
                0x00000000        0x0 d:/devkitpro/devkitppc/bin/../lib/gcc/powerpc-gekko/4.2.3/crtbegin.o
 .rela.text.__sys_alarmhandler
                0x00000000        0x0 d:/devkitpro/devkitppc/bin/../lib/gcc/powerpc-gekko/4.2.3/crtbegin.o
 .rela.text.__sram_init
                0x00000000        0x0 d:/devkitpro/devkitppc/bin/../lib/gcc/powerpc-gekko/4.2.3/crtbegin.o
 .rela.text.SYS_Init
                0x00000000        0x0 d:/devkitpro/devkitppc/bin/../lib/gcc/powerpc-gekko/4.2.3/crtbegin.o
 .rela.text.__unlocksram
                0x00000000        0x0 d:/devkitpro/devkitppc/bin/../lib/gcc/powerpc-gekko/4.2.3/crtbegin.o
 .rela.text.__sram_writecallback
                0x00000000        0x0 d:/devkitpro/devkitppc/bin/../lib/gcc/powerpc-gekko/4.2.3/crtbegin.o
 .rela.text.SYS_CancelAlarm
                0x00000000        0x0 d:/devkitpro/devkitppc/bin/../lib/gcc/powerpc-gekko/4.2.3/crtbegin.o
 .rela.text.SYS_RemoveAlarm
                0x00000000        0x0 d:/devkitpro/devkitppc/bin/../lib/gcc/powerpc-gekko/4.2.3/crtbegin.o
 .rela.text.SYS_SetPeriodicAlarm
                0x00000000        0x0 d:/devkitpro/devkitppc/bin/../lib/gcc/powerpc-gekko/4.2.3/crtbegin.o
 .rela.text.SYS_SetAlarm
                0x00000000        0x0 d:/devkitpro/devkitppc/bin/../lib/gcc/powerpc-gekko/4.2.3/crtbegin.o
 .rela.text.__lwp_cond_init
                0x00000000        0x0 d:/devkitpro/devkitppc/bin/../lib/gcc/powerpc-gekko/4.2.3/crtbegin.o
 .rela.text.LWP_CondDestroy
                0x00000000        0x0 d:/devkitpro/devkitppc/bin/../lib/gcc/powerpc-gekko/4.2.3/crtbegin.o
 .rela.text.LWP_CondInit
                0x00000000        0x0 d:/devkitpro/devkitppc/bin/../lib/gcc/powerpc-gekko/4.2.3/crtbegin.o
 .rela.text.__lwp_cond_signalsupp
                0x00000000        0x0 d:/devkitpro/devkitppc/bin/../lib/gcc/powerpc-gekko/4.2.3/crtbegin.o
 .rela.text.__lwp_cond_waitsupp
                0x00000000        0x0 d:/devkitpro/devkitppc/bin/../lib/gcc/powerpc-gekko/4.2.3/crtbegin.o
 .rela.text.c_decrementer_handler
                0x00000000        0x0 d:/devkitpro/devkitppc/bin/../lib/gcc/powerpc-gekko/4.2.3/crtbegin.o
 .rela.text.__lwp_mqbox_init
                0x00000000        0x0 d:/devkitpro/devkitppc/bin/../lib/gcc/powerpc-gekko/4.2.3/crtbegin.o
 .rela.text.MQ_Close
                0x00000000        0x0 d:/devkitpro/devkitppc/bin/../lib/gcc/powerpc-gekko/4.2.3/crtbegin.o
 .rela.text.MQ_Init
                0x00000000        0x0 d:/devkitpro/devkitppc/bin/../lib/gcc/powerpc-gekko/4.2.3/crtbegin.o
 .rela.text.MQ_Jam
                0x00000000        0x0 d:/devkitpro/devkitppc/bin/../lib/gcc/powerpc-gekko/4.2.3/crtbegin.o
 .rela.text.MQ_Receive
                0x00000000        0x0 d:/devkitpro/devkitppc/bin/../lib/gcc/powerpc-gekko/4.2.3/crtbegin.o
 .rela.text.MQ_Send
                0x00000000        0x0 d:/devkitpro/devkitppc/bin/../lib/gcc/powerpc-gekko/4.2.3/crtbegin.o
 .rela.text.__ios_ioctlvformat_parse
                0x00000000        0x0 d:/devkitpro/devkitppc/bin/../lib/gcc/powerpc-gekko/4.2.3/crtbegin.o
 .rela.text.__ioctlvfmtCB
                0x00000000        0x0 d:/devkitpro/devkitppc/bin/../lib/gcc/powerpc-gekko/4.2.3/crtbegin.o
 .rela.text.IOS_IoctlvFormatAsync
                0x00000000        0x0 d:/devkitpro/devkitppc/bin/../lib/gcc/powerpc-gekko/4.2.3/crtbegin.o
 .rela.text.IOS_IoctlvFormat
                0x00000000        0x0 d:/devkitpro/devkitppc/bin/../lib/gcc/powerpc-gekko/4.2.3/crtbegin.o
 .rela.text.nanosleep
                0x00000000        0x0 d:/devkitpro/devkitppc/bin/../lib/gcc/powerpc-gekko/4.2.3/crtbegin.o
 .rela.text.__libc_init
                0x00000000        0x0 d:/devkitpro/devkitppc/bin/../lib/gcc/powerpc-gekko/4.2.3/crtbegin.o
 .rela.text.__libc_wrapup
                0x00000000        0x0 d:/devkitpro/devkitppc/bin/../lib/gcc/powerpc-gekko/4.2.3/crtbegin.o
 .rela.text.__libc_delete_hook
                0x00000000        0x0 d:/devkitpro/devkitppc/bin/../lib/gcc/powerpc-gekko/4.2.3/crtbegin.o
 .rela.text.__CheckARGV
                0x00000000        0x0 d:/devkitpro/devkitppc/bin/../lib/gcc/powerpc-gekko/4.2.3/crtbegin.o
 .rela.text.__lwp_priority_init
                0x00000000        0x0 d:/devkitpro/devkitppc/bin/../lib/gcc/powerpc-gekko/4.2.3/crtbegin.o
 .rela.text.__lwp_threadqueue_extractpriority
                0x00000000        0x0 d:/devkitpro/devkitppc/bin/../lib/gcc/powerpc-gekko/4.2.3/crtbegin.o
 .rela.text.__lwp_threadqueue_extractfifo
                0x00000000        0x0 d:/devkitpro/devkitppc/bin/../lib/gcc/powerpc-gekko/4.2.3/crtbegin.o
 .rela.text.__lwp_threadqueue_dequeuepriority
                0x00000000        0x0 d:/devkitpro/devkitppc/bin/../lib/gcc/powerpc-gekko/4.2.3/crtbegin.o
 .rela.text.__lwp_threadqueue_enqueuepriority
                0x00000000        0x0 d:/devkitpro/devkitppc/bin/../lib/gcc/powerpc-gekko/4.2.3/crtbegin.o
 .rela.text.__lwp_threadqueue_dequeuefifo
                0x00000000        0x0 d:/devkitpro/devkitppc/bin/../lib/gcc/powerpc-gekko/4.2.3/crtbegin.o
 .rela.text.__lwp_threadqueue_enqueuefifo
                0x00000000        0x0 d:/devkitpro/devkitppc/bin/../lib/gcc/powerpc-gekko/4.2.3/crtbegin.o
 .rela.text.__lwp_threadqueue_enqueue
                0x00000000        0x0 d:/devkitpro/devkitppc/bin/../lib/gcc/powerpc-gekko/4.2.3/crtbegin.o
 .rela.text.__lwpmq_close
                0x00000000        0x0 d:/devkitpro/devkitppc/bin/../lib/gcc/powerpc-gekko/4.2.3/crtbegin.o
 .rela.text.__lwpmq_initialize
                0x00000000        0x0 d:/devkitpro/devkitppc/bin/../lib/gcc/powerpc-gekko/4.2.3/crtbegin.o
 .rela.text.__exception_sethandler
                0x00000000        0x0 d:/devkitpro/devkitppc/bin/../lib/gcc/powerpc-gekko/4.2.3/crtbegin.o
 .rela.text.__exception_init
                0x00000000        0x0 d:/devkitpro/devkitppc/bin/../lib/gcc/powerpc-gekko/4.2.3/crtbegin.o
 .rela.text.__systemcall_init
                0x00000000        0x0 d:/devkitpro/devkitppc/bin/../lib/gcc/powerpc-gekko/4.2.3/crtbegin.o
 .rela.text.__lwp_sema_init
                0x00000000        0x0 d:/devkitpro/devkitppc/bin/../lib/gcc/powerpc-gekko/4.2.3/crtbegin.o
 .rela.text.LWP_SemInit
                0x00000000        0x0 d:/devkitpro/devkitppc/bin/../lib/gcc/powerpc-gekko/4.2.3/crtbegin.o
 .rela.text.LWP_SemDestroy
                0x00000000        0x0 d:/devkitpro/devkitppc/bin/../lib/gcc/powerpc-gekko/4.2.3/crtbegin.o
 .rela.text.LWP_SemPost
                0x00000000        0x0 d:/devkitpro/devkitppc/bin/../lib/gcc/powerpc-gekko/4.2.3/crtbegin.o
 .rela.text.LWP_SemWait
                0x00000000        0x0 d:/devkitpro/devkitppc/bin/../lib/gcc/powerpc-gekko/4.2.3/crtbegin.o
 .rela.text.__lwp_mutex_init
                0x00000000        0x0 d:/devkitpro/devkitppc/bin/../lib/gcc/powerpc-gekko/4.2.3/crtbegin.o
 .rela.text.LWP_MutexDestroy
                0x00000000        0x0 d:/devkitpro/devkitppc/bin/../lib/gcc/powerpc-gekko/4.2.3/crtbegin.o
 .rela.text.LWP_MutexUnlock
                0x00000000        0x0 d:/devkitpro/devkitppc/bin/../lib/gcc/powerpc-gekko/4.2.3/crtbegin.o
 .rela.text.__lwp_mutex_locksupp
                0x00000000        0x0 d:/devkitpro/devkitppc/bin/../lib/gcc/powerpc-gekko/4.2.3/crtbegin.o
 .rela.text.LWP_MutexInit
                0x00000000        0x0 d:/devkitpro/devkitppc/bin/../lib/gcc/powerpc-gekko/4.2.3/crtbegin.o
 .rela.text.kprintf
                0x00000000        0x0 d:/devkitpro/devkitppc/bin/../lib/gcc/powerpc-gekko/4.2.3/crtbegin.o

.rel.fini
 *(.rel.fini)

.rela.fini
 *(.rela.fini)

.rel.rodata
 *(.rel.rodata .rel.rodata.* .rel.gnu.linkonce.r.*)

.rela.rodata
 *(.rela.rodata .rela.rodata.* .rela.gnu.linkonce.r.*)

.rel.data
 *(.rel.data .rel.data.* .rel.gnu.linkonce.d.*)

.rela.data
 *(.rela.data .rela.data.* .rela.gnu.linkonce.d.*)

.rel.tdata
 *(.rel.tdata .rel.tdata.* .rel.gnu.linkonce.td.*)

.rela.tdata
 *(.rela.tdata .rela.tdata.* .rela.gnu.linkonce.td.*)

.rel.tbss
 *(.rel.tbss .rel.tbss.* .rel.gnu.linkonce.tb.*)

.rela.tbss
 *(.rela.tbss .rela.tbss.* .rela.gnu.linkonce.tb.*)

.rel.ctors
 *(.rel.ctors)

.rela.ctors
 *(.rela.ctors)

.rel.dtors
 *(.rel.dtors)

.rela.dtors
 *(.rela.dtors)

.rel.got
 *(.rel.got)

.rela.got
 *(.rela.got)

.rela.got1
 *(.rela.got1)

.rela.got2      0x80004208        0x0
 *(.rela.got2)
 .rela.got2     0x00000000        0x0 d:/devkitpro/devkitppc/bin/../lib/gcc/powerpc-gekko/4.2.3/crtbegin.o

.rel.sdata
 *(.rel.sdata .rel.sdata.* .rel.gnu.linkonce.s.*)

.rela.sdata
 *(.rela.sdata .rela.sdata.* .rela.gnu.linkonce.s.*)

.rel.sbss
 *(.rel.sbss .rel.sbss.* .rel.gnu.linkonce.sb.*)

.rela.sbss
 *(.rela.sbss .rela.sbss.* .rel.gnu.linkonce.sb.*)

.rel.sdata2
 *(.rel.sdata2 .rel.sdata2.* .rel.gnu.linkonce.s2.*)

.rela.sdata2    0x80004208        0x0
 *(.rela.sdata2 .rela.sdata2.* .rela.gnu.linkonce.s2.*)
 .rela.sdata2.__sys_inIPL
                0x00000000        0x0 d:/devkitpro/devkitppc/bin/../lib/gcc/powerpc-gekko/4.2.3/crtbegin.o

.rel.sbss2
 *(.rel.sbss2 .rel.sbss2.* .rel.gnu.linkonce.sb2.*)

.rela.sbss2
 *(.rela.sbss2 .rela.sbss2.* .rela.gnu.linkonce.sb2.*)

.rel.bss
 *(.rel.bss .rel.bss.* .rel.gnu.linkonce.b.*)

.rela.bss
 *(.rela.bss .rela.bss.* .rela.gnu.linkonce.b.*)

.rel.plt
 *(.rel.plt)

.rela.plt
 *(.rela.plt)

.text           0x80004220    0x2eae0
 *(.text)
 .text          0x80004220      0x140 d:/devkitpro/devkitppc/bin/../lib/gcc/powerpc-gekko/4.2.3/crtbegin.o
 .text          0x80004360       0x48 d:/devkitpro/devkitppc/bin/../lib/gcc/powerpc-gekko/4.2.3/../../../../powerpc-gekko/lib/crtmain.o
                0x80004364                __crtmain
 *fill*         0x800043a8       0x18 00000000
 .text          0x800043c0      0x4e8 d:/devkitPro/libogc/lib/wii\libogc.a(lwp_handler.o)
                0x80004500                _cpu_context_restore_fp
                0x800047c0                _cpu_context_save
                0x800043c0                _cpu_context_save_fp
                0x80004640                _cpu_context_switch
                0x80004840                _cpu_context_restore
 .text          0x800048a8      0x5c4 d:/devkitPro/libogc/lib/wii\libogc.a(system_asm.o)
                0x80004940                __configMEM1_48Mb
                0x80004dcc                __reset
                0x800048a8                __realmode
                0x80004cb0                __CacheInit
                0x80004aa0                __configMEM2_64Mb
                0x80004d14                __SystemInit
                0x80004bfc                __configMEM2_128Mb
                0x800048c0                __configMEM1_24Mb
                0x80004c78                __PSInit
                0x800049c0                __configMEM2_56Mb
                0x80004b1c                __configMEM2_112Mb
                0x80004d98                __flush_cache
                0x80004e3c                SYS_SwitchFiber
 .text          0x80004e6c      0x1b0 d:/devkitPro/libogc/lib/wii\libogc.a(irq_handler.o)
                0x80004e6c                irq_exceptionhandler
 .text          0x8000501c      0x4d8 d:/devkitPro/libogc/lib/wii\libogc.a(cache_asm.o)
                0x800052f8                L2Disable
                0x80005080                DCBlockZero
                0x80005138                DCFlushRangeNoSync
                0x8000528c                ICBlockInvalidate
                0x8000501c                DCFlashInvalidate
                0x80005088                DCBlockStore
                0x80005198                DCZeroRange
                0x800054ac                LCLoadBlocks
                0x80005078                DCTouchLoad
                0x8000546c                LCAllocTags
                0x80005254                ICDisable
                0x80005240                ICEnable
                0x80005310                L2GlobalInvalidate
                0x800054d0                LCStoreBlocks
                0x80005230                ICFlashInvalidate
                0x800051c8                DCTouchRange
                0x80005168                DCStoreRangeNoSync
                0x80005268                ICFreeze
                0x80005040                DCDisable
                0x80005090                DCBlockFlush
                0x8000502c                DCEnable
                0x800052e4                L2Enable
                0x80005368                __LCEnable
                0x800050a0                DCInvalidateRange
                0x80005458                LCAllocOneTag
                0x80005068                DCUnfreeze
                0x800051f8                ICInvalidateRange
                0x800050d0                DCFlushRange
                0x80005294                ICSync
                0x80005098                DCBlockInvalidate
                0x80005054                DCFreeze
                0x8000529c                L2Init
                0x8000527c                ICUnfreeze
                0x80005104                DCStoreRange
                0x80005430                LCDisable
 .text          0x800054f4      0x1b0 d:/devkitPro/libogc/lib/wii\libogc.a(decrementer_handler.o)
                0x800054f4                dec_exceptionhandler
 .text          0x800056a4      0x34c d:/devkitPro/libogc/lib/wii\libogc.a(exception_handler.o)
                0x800056a4                exceptionhandler_start
                0x80005758                default_exceptionhandler
                0x800059ec                systemcallhandler_end
                0x800059d0                systemcallhandler_start
                0x80005754                exceptionhandler_end
                0x80005720                exceptionhandler_patch
                0x80005898                fpu_exceptionhandler
 .text          0x800059f0       0x34 d:/devkitpro/devkitppc/bin/../lib/gcc/powerpc-gekko/4.2.3/../../../../powerpc-gekko/lib\libm.a(lib_a-s_atan2.o)
                0x800059f0                atan2
 .text          0x80005a24      0x284 d:/devkitpro/devkitppc/bin/../lib/gcc/powerpc-gekko/4.2.3/../../../../powerpc-gekko/lib\libm.a(lib_a-s_atangent.o)
                0x80005a24                atangent
 .text          0x80005ca8       0x24 d:/devkitpro/devkitppc/bin/../lib/gcc/powerpc-gekko/4.2.3/../../../../powerpc-gekko/lib\libm.a(lib_a-s_cos.o)
                0x80005ca8                cos
 .text          0x80005ccc       0xb4 d:/devkitpro/devkitppc/bin/../lib/gcc/powerpc-gekko/4.2.3/../../../../powerpc-gekko/lib\libm.a(lib_a-s_fabs.o)
                0x80005ccc                fabs
 .text          0x80005d80       0xb4 d:/devkitpro/devkitppc/bin/../lib/gcc/powerpc-gekko/4.2.3/../../../../powerpc-gekko/lib\libm.a(lib_a-s_frexp.o)
                0x80005d80                frexp
 .text          0x80005e34       0x50 d:/devkitpro/devkitppc/bin/../lib/gcc/powerpc-gekko/4.2.3/../../../../powerpc-gekko/lib\libm.a(lib_a-s_numtest.o)
                0x80005e34                numtest
 .text          0x80005e84       0x24 d:/devkitpro/devkitppc/bin/../lib/gcc/powerpc-gekko/4.2.3/../../../../powerpc-gekko/lib\libm.a(lib_a-s_sin.o)
                0x80005e84                sin
 .text          0x80005ea8      0x2c4 d:/devkitpro/devkitppc/bin/../lib/gcc/powerpc-gekko/4.2.3/../../../../powerpc-gekko/lib\libm.a(lib_a-s_sine.o)
                0x80005ea8                sine
 .text          0x8000616c      0x184 d:/devkitpro/devkitppc/bin/../lib/gcc/powerpc-gekko/4.2.3/../../../../powerpc-gekko/lib\libm.a(lib_a-s_sqrt.o)
                0x8000616c                sqrt
 .text          0x800062f0       0xc8 d:/devkitpro/devkitppc/bin/../lib/gcc/powerpc-gekko/4.2.3/../../../../powerpc-gekko/lib\libm.a(lib_a-sf_atan.o)
                0x800062f0                atanf
 .text          0x800063b8       0x38 d:/devkitpro/devkitppc/bin/../lib/gcc/powerpc-gekko/4.2.3/../../../../powerpc-gekko/lib\libm.a(lib_a-sf_atan2.o)
                0x800063b8                atan2f
 .text          0x800063f0      0x250 d:/devkitpro/devkitppc/bin/../lib/gcc/powerpc-gekko/4.2.3/../../../../powerpc-gekko/lib\libm.a(lib_a-sf_atangent.o)
                0x800063f0                atangentf
 .text          0x80006640       0x24 d:/devkitpro/devkitppc/bin/../lib/gcc/powerpc-gekko/4.2.3/../../../../powerpc-gekko/lib\libm.a(lib_a-sf_cos.o)
                0x80006640                cosf
 .text          0x80006664       0xb4 d:/devkitpro/devkitppc/bin/../lib/gcc/powerpc-gekko/4.2.3/../../../../powerpc-gekko/lib\libm.a(lib_a-sf_fabs.o)
                0x80006664                fabsf
 .text          0x80006718       0x90 d:/devkitpro/devkitppc/bin/../lib/gcc/powerpc-gekko/4.2.3/../../../../powerpc-gekko/lib\libm.a(lib_a-sf_frexp.o)
                0x80006718                frexpf
 .text          0x800067a8       0x24 d:/devkitpro/devkitppc/bin/../lib/gcc/powerpc-gekko/4.2.3/../../../../powerpc-gekko/lib\libm.a(lib_a-sf_isinff.o)
                0x800067a8                __isinff
 .text          0x800067cc       0x28 d:/devkitpro/devkitppc/bin/../lib/gcc/powerpc-gekko/4.2.3/../../../../powerpc-gekko/lib\libm.a(lib_a-sf_isnanf.o)
                0x800067cc                __isnanf
 .text          0x800067f4       0x48 d:/devkitpro/devkitppc/bin/../lib/gcc/powerpc-gekko/4.2.3/../../../../powerpc-gekko/lib\libm.a(lib_a-sf_numtest.o)
                0x800067f4                numtestf
 .text          0x8000683c       0x24 d:/devkitpro/devkitppc/bin/../lib/gcc/powerpc-gekko/4.2.3/../../../../powerpc-gekko/lib\libm.a(lib_a-sf_sin.o)
                0x8000683c                sinf
 .text          0x80006860      0x2b8 d:/devkitpro/devkitppc/bin/../lib/gcc/powerpc-gekko/4.2.3/../../../../powerpc-gekko/lib\libm.a(lib_a-sf_sine.o)
                0x80006860                sinef
 .text          0x80006b18      0x190 d:/devkitpro/devkitppc/bin/../lib/gcc/powerpc-gekko/4.2.3/../../../../powerpc-gekko/lib\libm.a(lib_a-sf_sqrt.o)
                0x80006b18                sqrtf
 .text          0x80006ca8       0x1c d:/devkitpro/devkitppc/bin/../lib/gcc/powerpc-gekko/4.2.3/../../../../powerpc-gekko/lib\libm.a(lib_a-s_ispos.o)
                0x80006ca8                ispos
 .text          0x80006cc4      0x154 d:/devkitpro/devkitppc/bin/../lib/gcc/powerpc-gekko/4.2.3/../../../../powerpc-gekko/lib\libm.a(lib_a-s_ldexp.o)
                0x80006cc4                ldexp
 .text          0x80006e18       0x1c d:/devkitpro/devkitppc/bin/../lib/gcc/powerpc-gekko/4.2.3/../../../../powerpc-gekko/lib\libm.a(lib_a-sf_ispos.o)
                0x80006e18                isposf
 .text          0x80006e34      0x14c d:/devkitpro/devkitppc/bin/../lib/gcc/powerpc-gekko/4.2.3/../../../../powerpc-gekko/lib\libm.a(lib_a-sf_ldexp.o)
                0x80006e34                ldexpf
 .text          0x80006f80      0x430 d:/devkitpro/devkitppc/bin/../lib/gcc/powerpc-gekko/4.2.3\libgcc.a(_udivdi3.o)
                0x80006f80                __udivdi3
 .text          0x800073b0       0x28 d:/devkitpro/devkitppc/bin/../lib/gcc/powerpc-gekko/4.2.3/../../../../powerpc-gekko/lib\libsysbase.a(abort.o)
                0x800073b0                abort
 .text          0x800073d8       0x28 d:/devkitpro/devkitppc/bin/../lib/gcc/powerpc-gekko/4.2.3/../../../../powerpc-gekko/lib\libsysbase.a(_exit.o)
                0x800073d8                _exit
 .text          0x80007400       0x9c d:/devkitpro/devkitppc/bin/../lib/gcc/powerpc-gekko/4.2.3/../../../../powerpc-gekko/lib\libsysbase.a(build_argv.o)
                0x80007400                build_argv
 .text          0x8000749c      0x168 d:/devkitpro/devkitppc/bin/../lib/gcc/powerpc-gekko/4.2.3/../../../../powerpc-gekko/lib\libsysbase.a(syscall_support.o)
                0x800075d0                __malloc_unlock
                0x8000751c                __libc_lock_release
                0x8000749c                __libc_lock_init
                0x8000759c                __malloc_lock
                0x800074dc                __libc_lock_close
                0x8000755c                __libc_lock_acquire
 .text          0x80007604       0x34 d:/devkitpro/devkitppc/bin/../lib/gcc/powerpc-gekko/4.2.3/../../../../powerpc-gekko/lib\libc.a(lib_a-calloc.o)
                0x80007604                calloc
 .text          0x80007638       0xd0 d:/devkitpro/devkitppc/bin/../lib/gcc/powerpc-gekko/4.2.3/../../../../powerpc-gekko/lib\libc.a(lib_a-callocr.o)
                0x80007638                _calloc_r
 .text          0x80007708        0xc d:/devkitpro/devkitppc/bin/../lib/gcc/powerpc-gekko/4.2.3/../../../../powerpc-gekko/lib\libc.a(lib_a-errno.o)
                0x80007708                __errno
 .text          0x80007714       0x40 d:/devkitpro/devkitppc/bin/../lib/gcc/powerpc-gekko/4.2.3/../../../../powerpc-gekko/lib\libc.a(lib_a-exit.o)
                0x80007714                exit
 .text          0x80007754      0x310 d:/devkitpro/devkitppc/bin/../lib/gcc/powerpc-gekko/4.2.3/../../../../powerpc-gekko/lib\libc.a(lib_a-fflush.o)
                0x80007a14                fflush
                0x80007754                _fflush_r
 .text          0x80007a64      0x4ac d:/devkitpro/devkitppc/bin/../lib/gcc/powerpc-gekko/4.2.3/../../../../powerpc-gekko/lib\libc.a(lib_a-findfp.o)
                0x80007c50                __sinit
                0x80007d70                __sfmoreglue
                0x80007a8c                _cleanup
                0x80007a64                _cleanup_r
                0x80007d3c                __fp_lock_all
                0x80007cec                __sfp_lock_acquire
                0x80007de8                __sfp
                0x80007af8                __sinit_lock_release
                0x80007b4c                __fp_unlock_all
                0x80007b20                __sfp_lock_release
                0x80007c04                __sinit_lock_acquire
 .text          0x80007f10      0x110 d:/devkitpro/devkitppc/bin/../lib/gcc/powerpc-gekko/4.2.3/../../../../powerpc-gekko/lib\libc.a(lib_a-fprintf.o)
                0x80007f10                fprintf
                0x80007fa4                _fprintf_r
 .text          0x80008020      0x20c d:/devkitpro/devkitppc/bin/../lib/gcc/powerpc-gekko/4.2.3/../../../../powerpc-gekko/lib\libc.a(lib_a-fwalk.o)
                0x8000812c                _fwalk
                0x80008020                _fwalk_reent
 .text          0x8000822c      0x17c d:/devkitpro/devkitppc/bin/../lib/gcc/powerpc-gekko/4.2.3/../../../../powerpc-gekko/lib\libc.a(lib_a-fwrite.o)
                0x8000822c                _fwrite_r
                0x80008380                fwrite
 .text          0x800083a8       0x34 d:/devkitpro/devkitppc/bin/../lib/gcc/powerpc-gekko/4.2.3/../../../../powerpc-gekko/lib\libc.a(lib_a-malign.o)
                0x800083a8                memalign
 .text          0x800083dc      0x1b0 d:/devkitpro/devkitppc/bin/../lib/gcc/powerpc-gekko/4.2.3/../../../../powerpc-gekko/lib\libc.a(lib_a-malignr.o)
                0x800083dc                _memalign_r
 .text          0x8000858c       0x58 d:/devkitpro/devkitppc/bin/../lib/gcc/powerpc-gekko/4.2.3/../../../../powerpc-gekko/lib\libc.a(lib_a-malloc.o)
                0x800085b8                malloc
                0x8000858c                free
 .text          0x800085e4      0x86c d:/devkitpro/devkitppc/bin/../lib/gcc/powerpc-gekko/4.2.3/../../../../powerpc-gekko/lib\libc.a(lib_a-mallocr.o)
                0x800085e4                _malloc_r
 .text          0x80008e50       0x8c d:/devkitpro/devkitppc/bin/../lib/gcc/powerpc-gekko/4.2.3/../../../../powerpc-gekko/lib\libc.a(lib_a-memcmp.o)
                0x80008e50                memcmp
 .text          0x80008edc       0xc8 d:/devkitpro/devkitppc/bin/../lib/gcc/powerpc-gekko/4.2.3/../../../../powerpc-gekko/lib\libc.a(lib_a-memcpy.o)
                0x80008edc                memcpy
 .text          0x80008fa4      0x104 d:/devkitpro/devkitppc/bin/../lib/gcc/powerpc-gekko/4.2.3/../../../../powerpc-gekko/lib\libc.a(lib_a-memmove.o)
                0x80008fa4                memmove
 .text          0x800090a8       0xac d:/devkitpro/devkitppc/bin/../lib/gcc/powerpc-gekko/4.2.3/../../../../powerpc-gekko/lib\libc.a(lib_a-memset.o)
                0x800090a8                memset
 .text          0x80009154      0x124 d:/devkitpro/devkitppc/bin/../lib/gcc/powerpc-gekko/4.2.3/../../../../powerpc-gekko/lib\libc.a(lib_a-printf.o)
                0x80009154                printf
                0x800091ec                _printf_r
 .text          0x80009278       0xa8 d:/devkitpro/devkitppc/bin/../lib/gcc/powerpc-gekko/4.2.3/../../../../powerpc-gekko/lib\libc.a(lib_a-puts.o)
                0x80009278                _puts_r
                0x80009310                puts
 .text          0x80009320      0x248 d:/devkitpro/devkitppc/bin/../lib/gcc/powerpc-gekko/4.2.3/../../../../powerpc-gekko/lib\libc.a(lib_a-reent.o)
                0x800093e0                cleanup_glue
                0x80009430                _reclaim_reent
                0x80009320                _wrapup_reent
 .text          0x80009568      0x2cc d:/devkitpro/devkitppc/bin/../lib/gcc/powerpc-gekko/4.2.3/../../../../powerpc-gekko/lib\libc.a(lib_a-setvbuf.o)
                0x80009568                setvbuf
 .text          0x80009834      0x230 d:/devkitpro/devkitppc/bin/../lib/gcc/powerpc-gekko/4.2.3/../../../../powerpc-gekko/lib\libc.a(lib_a-snprintf.o)
                0x80009834                snprintf
                0x8000994c                _snprintf_r
 .text          0x80009a64      0x188 d:/devkitpro/devkitppc/bin/../lib/gcc/powerpc-gekko/4.2.3/../../../../powerpc-gekko/lib\libc.a(lib_a-sprintf.o)
                0x80009b30                _sprintf_r
                0x80009a64                sprintf
 .text          0x80009bec      0x178 d:/devkitpro/devkitppc/bin/../lib/gcc/powerpc-gekko/4.2.3/../../../../powerpc-gekko/lib\libc.a(lib_a-stdio.o)
                0x80009c10                __sseek
                0x80009d00                __sread
                0x80009bec                __sclose
                0x80009c78                __swrite
 .text          0x80009d64       0xf0 d:/devkitpro/devkitppc/bin/../lib/gcc/powerpc-gekko/4.2.3/../../../../powerpc-gekko/lib\libc.a(lib_a-strchr.o)
                0x80009d64                strchr
 .text          0x80009e54       0xc0 d:/devkitpro/devkitppc/bin/../lib/gcc/powerpc-gekko/4.2.3/../../../../powerpc-gekko/lib\libc.a(lib_a-strcmp.o)
                0x80009e54                strcmp
 .text          0x80009f14       0x64 d:/devkitpro/devkitppc/bin/../lib/gcc/powerpc-gekko/4.2.3/../../../../powerpc-gekko/lib\libc.a(lib_a-strlen.o)
                0x80009f14                strlen
 .text          0x80009f78       0x44 d:/devkitpro/devkitppc/bin/../lib/gcc/powerpc-gekko/4.2.3/../../../../powerpc-gekko/lib\libc.a(lib_a-strnlen.o)
                0x80009f78                strnlen
 .text          0x80009fbc       0x3c d:/devkitpro/devkitppc/bin/../lib/gcc/powerpc-gekko/4.2.3/../../../../powerpc-gekko/lib\libc.a(lib_a-syswrite.o)
                0x80009fbc                write
 .text          0x80009ff8     0x2344 d:/devkitpro/devkitppc/bin/../lib/gcc/powerpc-gekko/4.2.3/../../../../powerpc-gekko/lib\libc.a(lib_a-vfprintf.o)
                0x8000a058                _vfprintf_r
                0x8000c31c                vfprintf
 .text          0x8000c33c      0x15c d:/devkitpro/devkitppc/bin/../lib/gcc/powerpc-gekko/4.2.3/../../../../powerpc-gekko/lib\libc.a(lib_a-wbuf.o)
                0x8000c33c                __swbuf_r
                0x8000c480                __swbuf
 .text          0x8000c498       0xa4 d:/devkitpro/devkitppc/bin/../lib/gcc/powerpc-gekko/4.2.3/../../../../powerpc-gekko/lib\libc.a(lib_a-wcrtomb.o)
                0x8000c498                _wcrtomb_r
                0x8000c51c                wcrtomb
 .text          0x8000c53c      0x1d8 d:/devkitpro/devkitppc/bin/../lib/gcc/powerpc-gekko/4.2.3/../../../../powerpc-gekko/lib\libc.a(lib_a-wcsrtombs.o)
                0x8000c53c                _wcsrtombs_r
                0x8000c6ec                wcsrtombs
 .text          0x8000c714      0x464 d:/devkitpro/devkitppc/bin/../lib/gcc/powerpc-gekko/4.2.3/../../../../powerpc-gekko/lib\libc.a(lib_a-wctomb_r.o)
                0x8000c714                _wctomb_r
 .text          0x8000cb78      0x178 d:/devkitpro/devkitppc/bin/../lib/gcc/powerpc-gekko/4.2.3/../../../../powerpc-gekko/lib\libc.a(lib_a-wsetup.o)
                0x8000cb78                __swsetup_r
 .text          0x8000ccf0      0x1ac d:/devkitpro/devkitppc/bin/../lib/gcc/powerpc-gekko/4.2.3/../../../../powerpc-gekko/lib\libc.a(lib_a-__call_atexit.o)
                0x8000ccf0                __call_exitprocs
 .text          0x8000ce9c     0x1390 d:/devkitpro/devkitppc/bin/../lib/gcc/powerpc-gekko/4.2.3/../../../../powerpc-gekko/lib\libc.a(lib_a-dtoa.o)
                0x8000d0d8                _dtoa_r
 .text          0x8000e22c      0x188 d:/devkitpro/devkitppc/bin/../lib/gcc/powerpc-gekko/4.2.3/../../../../powerpc-gekko/lib\libc.a(lib_a-fclose.o)
                0x8000e22c                _fclose_r
                0x8000e3a4                fclose
 .text          0x8000e3b4      0x3f8 d:/devkitpro/devkitppc/bin/../lib/gcc/powerpc-gekko/4.2.3/../../../../powerpc-gekko/lib\libc.a(lib_a-freer.o)
                0x8000e4d0                _free_r
                0x8000e3b4                _malloc_trim_r
 .text          0x8000e7ac      0x528 d:/devkitpro/devkitppc/bin/../lib/gcc/powerpc-gekko/4.2.3/../../../../powerpc-gekko/lib\libc.a(lib_a-fvwrite.o)
                0x8000e7ac                __sfvwrite_r
 .text          0x8000ecd4      0x4c4 d:/devkitpro/devkitppc/bin/../lib/gcc/powerpc-gekko/4.2.3/../../../../powerpc-gekko/lib\libc.a(lib_a-locale.o)
                0x8000ecf8                _setlocale_r
                0x8000ecd4                __locale_charset
                0x8000ece0                _localeconv_r
                0x8000f180                setlocale
                0x8000ecec                localeconv
 .text          0x8000f198      0x1bc d:/devkitpro/devkitppc/bin/../lib/gcc/powerpc-gekko/4.2.3/../../../../powerpc-gekko/lib\libc.a(lib_a-makebuf.o)
                0x8000f198                __smakebuf_r
 .text          0x8000f354      0x9a8 d:/devkitpro/devkitppc/bin/../lib/gcc/powerpc-gekko/4.2.3/../../../../powerpc-gekko/lib\libc.a(lib_a-mbtowc_r.o)
                0x8000f354                _mbtowc_r
 .text          0x8000fcfc       0xf4 d:/devkitpro/devkitppc/bin/../lib/gcc/powerpc-gekko/4.2.3/../../../../powerpc-gekko/lib\libc.a(lib_a-memchr.o)
                0x8000fcfc                memchr
 .text          0x8000fdf0     0x1114 d:/devkitpro/devkitppc/bin/../lib/gcc/powerpc-gekko/4.2.3/../../../../powerpc-gekko/lib\libc.a(lib_a-mprec.o)
                0x80010258                _mprec_log10
                0x800102fc                __any_on
                0x8001039c                _Balloc
                0x80010194                __ratio
                0x80010b5c                __i2b
                0x80010044                __b2d
                0x80010ddc                __s2b
                0x8000ff44                __mcmp
                0x8000fe14                __hi0bits
                0x80010cb0                __pow5mult
                0x800107c0                __lshift
                0x80010928                __multiply
                0x8001046c                __d2b
                0x80010294                __copybits
                0x8000ffa4                __ulp
                0x80010614                __mdiff
                0x8000fe80                __lo0bits
                0x80010b98                __multadd
                0x8000fdf0                _Bfree
 .text          0x80010f04      0x668 d:/devkitpro/devkitppc/bin/../lib/gcc/powerpc-gekko/4.2.3/../../../../powerpc-gekko/lib\libc.a(lib_a-reallocr.o)
                0x80010f04                _realloc_r
 .text          0x8001156c       0x44 d:/devkitpro/devkitppc/bin/../lib/gcc/powerpc-gekko/4.2.3/../../../../powerpc-gekko/lib\libc.a(lib_a-s_isinfd.o)
                0x8001156c                __isinfd
 .text          0x800115b0       0x38 d:/devkitpro/devkitppc/bin/../lib/gcc/powerpc-gekko/4.2.3/../../../../powerpc-gekko/lib\libc.a(lib_a-s_isnand.o)
                0x800115b0                __isnand
 .text          0x800115e8       0x74 d:/devkitpro/devkitppc/bin/../lib/gcc/powerpc-gekko/4.2.3/../../../../powerpc-gekko/lib\libc.a(lib_a-strcpy.o)
                0x800115e8                strcpy
 .text          0x8001165c       0xa0 d:/devkitpro/devkitppc/bin/../lib/gcc/powerpc-gekko/4.2.3/../../../../powerpc-gekko/lib\libsysbase.a(close.o)
                0x8001165c                _close_r
 .text          0x800116fc       0xc8 d:/devkitpro/devkitppc/bin/../lib/gcc/powerpc-gekko/4.2.3/../../../../powerpc-gekko/lib\libsysbase.a(fstat.o)
                0x800116fc                _fstat_r
 .text          0x800117c4        0x8 d:/devkitpro/devkitppc/bin/../lib/gcc/powerpc-gekko/4.2.3/../../../../powerpc-gekko/lib\libsysbase.a(isatty.o)
                0x800117c4                isatty
 .text          0x800117cc       0xd0 d:/devkitpro/devkitppc/bin/../lib/gcc/powerpc-gekko/4.2.3/../../../../powerpc-gekko/lib\libsysbase.a(lseek.o)
                0x800117cc                _lseek_r
 .text          0x8001189c       0xcc d:/devkitpro/devkitppc/bin/../lib/gcc/powerpc-gekko/4.2.3/../../../../powerpc-gekko/lib\libsysbase.a(read.o)
                0x8001189c                _read_r
 .text          0x80011968       0x50 d:/devkitpro/devkitppc/bin/../lib/gcc/powerpc-gekko/4.2.3/../../../../powerpc-gekko/lib\libsysbase.a(sbrk.o)
                0x80011968                _sbrk_r
 .text          0x800119b8       0xcc d:/devkitpro/devkitppc/bin/../lib/gcc/powerpc-gekko/4.2.3/../../../../powerpc-gekko/lib\libsysbase.a(write.o)
                0x800119b8                _write_r
 .text          0x80011a84       0x6c d:/devkitpro/devkitppc/bin/../lib/gcc/powerpc-gekko/4.2.3/../../../../powerpc-gekko/lib\libsysbase.a(flock.o)
                0x80011aa8                __flockfile
                0x80011a84                __funlockfile
 .text          0x80011af0      0x120 d:/devkitpro/devkitppc/bin/../lib/gcc/powerpc-gekko/4.2.3/../../../../powerpc-gekko/lib\libsysbase.a(handle_manager.o)
                0x80011bb4                __release_handle
                0x80011b1c                __alloc_handle
                0x80011af0                __get_handle
 .text          0x80011c10      0x450 d:/devkitpro/devkitppc/bin/../lib/gcc/powerpc-gekko/4.2.3\libgcc.a(_umoddi3.o)
                0x80011c10                __umoddi3
 .text          0x80012060       0x6c d:/devkitpro/devkitppc/bin/../lib/gcc/powerpc-gekko/4.2.3/crtend.o
 *(.text.*)
 .text.be32     0x800120cc       0x2c detect_settings.o
                0x800120cc                be32
 .text.be64     0x800120f8       0x64 detect_settings.o
                0x800120f8                be64
 .text.get_sysmenu_region
                0x8001215c      0x1d8 detect_settings.o
                0x8001215c                get_sysmenu_region
 .text.get_title_ios
                0x80012334      0x24c detect_settings.o
                0x80012334                get_title_ios
 .text.Identify
                0x80012580       0xe8 id.o
                0x80012580                Identify
 .text.Identify_SU
                0x80012668       0x74 id.o
                0x80012668                Identify_SU
 .text.ISFS_ReadFileToArray
                0x800126dc      0x12c id.o
                0x800126dc                ISFS_ReadFileToArray
 .text.Identify_SysMenu
                0x80012808       0xf4 id.o
                0x80012808                Identify_SysMenu
 .text.updateSelected
                0x800128fc       0x84 main.o
                0x800128fc                updateSelected
 .text.checkRegion
                0x80012980      0x104 main.o
                0x80012980                checkRegion
 .text.titleText
                0x80012a84      0x178 main.o
                0x80012a84                titleText
 .text.updatePage
                0x80012bfc      0x4a8 main.o
                0x80012bfc                updatePage
 .text.updateTitleList
                0x800130a4       0xe8 main.o
                0x800130a4                updateTitleList
 .text.printMenuList
                0x8001318c      0x1bc main.o
                0x8001318c                printMenuList
 .text.uninstallChecked
                0x80013348      0x298 main.o
                0x80013348                uninstallChecked
 .text.parseCommand
                0x800135e0      0x1fc main.o
                0x800135e0                parseCommand
 .text.main     0x800137dc      0x114 main.o
                0x800137dc                main
 .text.__getTitles
                0x800138f0       0x70 titles.o
                0x800138f0                __getTitles
 .text.getTitles_Type
                0x80013960      0x108 titles.o
                0x80013960                getTitles_Type
 .text.getTitles_TypeCount
                0x80013a68       0xa4 titles.o
                0x80013a68                getTitles_TypeCount
 .text.Uninstall_DeleteTicket
                0x80013b0c       0xb4 uninstall.o
                0x80013b0c                Uninstall_DeleteTicket
 .text.Uninstall_DeleteTitle
                0x80013bc0       0xb4 uninstall.o
                0x80013bc0                Uninstall_DeleteTitle
 .text.Uninstall_RemoveTicket
                0x80013c74      0x1d8 uninstall.o
                0x80013c74                Uninstall_RemoveTicket
 .text.Uninstall_RemoveTitle
                0x80013e4c       0xa8 uninstall.o
                0x80013e4c                Uninstall_RemoveTitle
 .text.Uninstall_RemoveTitleContents
                0x80013ef4       0xa8 uninstall.o
                0x80013ef4                Uninstall_RemoveTitleContents
 .text.Uninstall_FromTitle
                0x80013f9c      0x17c uninstall.o
                0x80013f9c                Uninstall_FromTitle
 .text.getButtons
                0x80014118       0x28 wiibasics.o
                0x80014118                getButtons
 .text.wait_key
                0x80014140       0x38 wiibasics.o
                0x80014140                wait_key
 .text.wait_anyKey
                0x80014178       0x30 wiibasics.o
                0x80014178                wait_anyKey
 .text.miscDeInit
                0x800141a8       0x30 wiibasics.o
                0x800141a8                miscDeInit
 .text.miscInit
                0x800141d8       0xe4 wiibasics.o
                0x800141d8                miscInit
 .text.basicInit
                0x800142bc       0xb8 wiibasics.o
                0x800142bc                basicInit
 .text.WPAD_ButtonsDown
                0x80014374       0x30 d:/devkitPro/libogc/lib/wii\libwiiuse.a(wpad.o)
                0x80014374                WPAD_ButtonsDown
 .text.__wpad_disconnect
                0x800143a4       0x58 d:/devkitPro/libogc/lib/wii\libwiiuse.a(wpad.o)
 .text.WPAD_Shutdown
                0x800143fc       0xe0 d:/devkitPro/libogc/lib/wii\libwiiuse.a(wpad.o)
                0x800143fc                WPAD_Shutdown
 .text.__wpad_onreset
                0x800144dc       0x2c d:/devkitPro/libogc/lib/wii\libwiiuse.a(wpad.o)
 .text.__wpad_timeouthandler
                0x80014508       0xb8 d:/devkitPro/libogc/lib/wii\libwiiuse.a(wpad.o)
 .text.__wpad_setfmt
                0x800145c0      0x110 d:/devkitPro/libogc/lib/wii\libwiiuse.a(wpad.o)
 .text.WPAD_ReadEvent
                0x800146d0      0x538 d:/devkitPro/libogc/lib/wii\libwiiuse.a(wpad.o)
                0x800146d0                WPAD_ReadEvent
 .text.WPAD_ReadPending
                0x80014c08      0x174 d:/devkitPro/libogc/lib/wii\libwiiuse.a(wpad.o)
                0x80014c08                WPAD_ReadPending
 .text.WPAD_ScanPads
                0x80014d7c        0xc d:/devkitPro/libogc/lib/wii\libwiiuse.a(wpad.o)
                0x80014d7c                WPAD_ScanPads
 .text.WPAD_Init
                0x80014d88      0x1c0 d:/devkitPro/libogc/lib/wii\libwiiuse.a(wpad.o)
                0x80014d88                WPAD_Init
 .text.__initcore_finished
                0x80014f48       0x40 d:/devkitPro/libogc/lib/wii\libwiiuse.a(wpad.o)
 .text.__readlinkkey_finished
                0x80014f88       0x38 d:/devkitPro/libogc/lib/wii\libwiiuse.a(wpad.o)
 .text.__wpad_patch_finished
                0x80014fc0       0x2c d:/devkitPro/libogc/lib/wii\libwiiuse.a(wpad.o)
 .text.__wpad_init_finished
                0x80014fec      0x104 d:/devkitPro/libogc/lib/wii\libwiiuse.a(wpad.o)
 .text.__wpad_eventCB
                0x800150f0      0x8d0 d:/devkitPro/libogc/lib/wii\libwiiuse.a(wpad.o)
 .text.calculate_gforce
                0x800159c0       0xfc d:/devkitPro/libogc/lib/wii\libwiiuse.a(dynamics.o)
                0x800159c0                calculate_gforce
 .text.apply_smoothing
                0x80015abc      0x184 d:/devkitPro/libogc/lib/wii\libwiiuse.a(dynamics.o)
                0x80015abc                apply_smoothing
 .text.calc_joystick_state
                0x80015c40      0x274 d:/devkitPro/libogc/lib/wii\libwiiuse.a(dynamics.o)
                0x80015c40                calc_joystick_state
 .text.calculate_orientation
                0x80015eb4      0x298 d:/devkitPro/libogc/lib/wii\libwiiuse.a(dynamics.o)
                0x80015eb4                calculate_orientation
 .text.wiiuse_io_write
                0x8001614c       0x44 d:/devkitPro/libogc/lib/wii\libwiiuse.a(io_wii.o)
                0x8001614c                wiiuse_io_write
 .text.__wiiuse_disconnected
                0x80016190       0x98 d:/devkitPro/libogc/lib/wii\libwiiuse.a(io_wii.o)
 .text.__wiiuse_sent
                0x80016228       0xb8 d:/devkitPro/libogc/lib/wii\libwiiuse.a(io_wii.o)
 .text.wiiuse_init_cmd_queue
                0x800162e0       0x4c d:/devkitPro/libogc/lib/wii\libwiiuse.a(io_wii.o)
                0x800162e0                wiiuse_init_cmd_queue
 .text.wiiuse_disconnect
                0x8001632c       0x40 d:/devkitPro/libogc/lib/wii\libwiiuse.a(io_wii.o)
                0x8001632c                wiiuse_disconnect
 .text.wiiuse_register
                0x8001636c       0xd0 d:/devkitPro/libogc/lib/wii\libwiiuse.a(io_wii.o)
                0x8001636c                wiiuse_register
 .text.__wiiuse_connected
                0x8001643c       0x40 d:/devkitPro/libogc/lib/wii\libwiiuse.a(io_wii.o)
 .text.__wiiuse_receive
                0x8001647c       0xc0 d:/devkitPro/libogc/lib/wii\libwiiuse.a(io_wii.o)
 .text.__wiiuse_sensorbar_enable
                0x8001653c       0x50 d:/devkitPro/libogc/lib/wii\libwiiuse.a(io_wii.o)
                0x8001653c                __wiiuse_sensorbar_enable
 .text.get_ir_sens
                0x8001658c       0xec d:/devkitPro/libogc/lib/wii\libwiiuse.a(ir.o)
 .text.wiiuse_set_ir_position
                0x80016678       0x80 d:/devkitPro/libogc/lib/wii\libwiiuse.a(ir.o)
                0x80016678                wiiuse_set_ir_position
 .text.wiiuse_set_aspect_ratio
                0x800166f8       0x44 d:/devkitPro/libogc/lib/wii\libwiiuse.a(ir.o)
                0x800166f8                wiiuse_set_aspect_ratio
 .text.calculate_basic_ir
                0x8001673c       0xf4 d:/devkitPro/libogc/lib/wii\libwiiuse.a(ir.o)
                0x8001673c                calculate_basic_ir
 .text.calculate_extended_ir
                0x80016830       0x70 d:/devkitPro/libogc/lib/wii\libwiiuse.a(ir.o)
                0x80016830                calculate_extended_ir
 .text.calc_yaw
                0x800168a0       0x54 d:/devkitPro/libogc/lib/wii\libwiiuse.a(ir.o)
                0x800168a0                calc_yaw
 .text.apply_ir_smoothing
                0x800168f4       0xf4 d:/devkitPro/libogc/lib/wii\libwiiuse.a(ir.o)
                0x800168f4                apply_ir_smoothing
 .text.rotate_dots
                0x800169e8      0x120 d:/devkitPro/libogc/lib/wii\libwiiuse.a(ir.o)
 .text.find_sensorbar
                0x80016b08      0x968 d:/devkitPro/libogc/lib/wii\libwiiuse.a(ir.o)
                0x80016b08                find_sensorbar
 .text.interpret_ir_data
                0x80017470      0x33c d:/devkitPro/libogc/lib/wii\libwiiuse.a(ir.o)
                0x80017470                interpret_ir_data
 .text.wiiuse_set_ir_sensitivity
                0x800177ac      0x118 d:/devkitPro/libogc/lib/wii\libwiiuse.a(ir.o)
                0x800177ac                wiiuse_set_ir_sensitivity
 .text.wiiuse_set_ir_mode
                0x800178c4       0x6c d:/devkitPro/libogc/lib/wii\libwiiuse.a(ir.o)
                0x800178c4                wiiuse_set_ir_mode
 .text.wiiuse_set_ir
                0x80017930      0x21c d:/devkitPro/libogc/lib/wii\libwiiuse.a(ir.o)
                0x80017930                wiiuse_set_ir
 .text.wiiuse_set_flags
                0x80017b4c       0x20 d:/devkitPro/libogc/lib/wii\libwiiuse.a(wiiuse.o)
                0x80017b4c                wiiuse_set_flags
 .text.wiiuse_send_next_command
                0x80017b6c       0x6c d:/devkitPro/libogc/lib/wii\libwiiuse.a(wiiuse.o)
                0x80017b6c                wiiuse_send_next_command
 .text.wiiuse_write_data
                0x80017bd8      0x168 d:/devkitPro/libogc/lib/wii\libwiiuse.a(wiiuse.o)
                0x80017bd8                wiiuse_write_data
 .text.wiiuse_init
                0x80017d40      0x164 d:/devkitPro/libogc/lib/wii\libwiiuse.a(wiiuse.o)
                0x80017d40                wiiuse_init
 .text.wiiuse_sendcmd
                0x80017ea4       0xf8 d:/devkitPro/libogc/lib/wii\libwiiuse.a(wiiuse.o)
                0x80017ea4                wiiuse_sendcmd
 .text.wiiuse_status
                0x80017f9c       0x5c d:/devkitPro/libogc/lib/wii\libwiiuse.a(wiiuse.o)
                0x80017f9c                wiiuse_status
 .text.wiiuse_motion_sensing
                0x80017ff8       0x54 d:/devkitPro/libogc/lib/wii\libwiiuse.a(wiiuse.o)
                0x80017ff8                wiiuse_motion_sensing
 .text.wiiuse_set_report_type
                0x8001804c      0x100 d:/devkitPro/libogc/lib/wii\libwiiuse.a(wiiuse.o)
                0x8001804c                wiiuse_set_report_type
 .text.wiiuse_set_leds
                0x8001814c       0x60 d:/devkitPro/libogc/lib/wii\libwiiuse.a(wiiuse.o)
                0x8001814c                wiiuse_set_leds
 .text.wiiuse_read_data
                0x800181ac      0x130 d:/devkitPro/libogc/lib/wii\libwiiuse.a(wiiuse.o)
                0x800181ac                wiiuse_read_data
 .text.wiiuse_pressed_buttons
                0x800182dc       0x2c d:/devkitPro/libogc/lib/wii\libwiiuse.a(events.o)
                0x800182dc                wiiuse_pressed_buttons
 .text.handle_expansion
                0x80018308       0x80 d:/devkitPro/libogc/lib/wii\libwiiuse.a(events.o)
 .text.parse_event
                0x80018388      0x460 d:/devkitPro/libogc/lib/wii\libwiiuse.a(events.o)
                0x80018388                parse_event
 .text.guitar_hero_3_event
                0x800187e8       0x84 d:/devkitPro/libogc/lib/wii\libwiiuse.a(guitar_hero_3.o)
                0x800187e8                guitar_hero_3_event
 .text.guitar_hero_3_disconnected
                0x8001886c       0x28 d:/devkitPro/libogc/lib/wii\libwiiuse.a(guitar_hero_3.o)
                0x8001886c                guitar_hero_3_disconnected
 .text.guitar_hero_3_handshake
                0x80018894       0xd8 d:/devkitPro/libogc/lib/wii\libwiiuse.a(guitar_hero_3.o)
                0x80018894                guitar_hero_3_handshake
 .text.wiiuse_disable_expansion
                0x8001896c      0x10c d:/devkitPro/libogc/lib/wii\libwiiuse.a(io.o)
                0x8001896c                wiiuse_disable_expansion
 .text.wiiuse_handshake
                0x80018a78      0x104 d:/devkitPro/libogc/lib/wii\libwiiuse.a(io.o)
                0x80018a78                wiiuse_handshake
 .text.wiiuse_handshake_expansion
                0x80018b7c      0x1b0 d:/devkitPro/libogc/lib/wii\libwiiuse.a(io.o)
                0x80018b7c                wiiuse_handshake_expansion
 .text.wiiuse_handshake_expansion_enabled
                0x80018d2c       0x64 d:/devkitPro/libogc/lib/wii\libwiiuse.a(io.o)
                0x80018d2c                wiiuse_handshake_expansion_enabled
 .text.nunchuk_event
                0x80018d90       0x8c d:/devkitPro/libogc/lib/wii\libwiiuse.a(nunchuk.o)
                0x80018d90                nunchuk_event
 .text.nunchuk_disconnected
                0x80018e1c       0x28 d:/devkitPro/libogc/lib/wii\libwiiuse.a(nunchuk.o)
                0x80018e1c                nunchuk_disconnected
 .text.nunchuk_handshake
                0x80018e44      0x150 d:/devkitPro/libogc/lib/wii\libwiiuse.a(nunchuk.o)
                0x80018e44                nunchuk_handshake
 .text.classic_ctrl_event
                0x80018f94       0xd8 d:/devkitPro/libogc/lib/wii\libwiiuse.a(classic.o)
                0x80018f94                classic_ctrl_event
 .text.classic_ctrl_disconnected
                0x8001906c       0x28 d:/devkitPro/libogc/lib/wii\libwiiuse.a(classic.o)
                0x8001906c                classic_ctrl_disconnected
 .text.classic_ctrl_handshake
                0x80019094      0x150 d:/devkitPro/libogc/lib/wii\libwiiuse.a(classic.o)
                0x80019094                classic_ctrl_handshake
 .text.bte_arg  0x800191e4       0x28 d:/devkitPro/libogc/lib/wii\libbte.a(bte.o)
                0x800191e4                bte_arg
 .text.bte_received
                0x8001920c       0x28 d:/devkitPro/libogc/lib/wii\libbte.a(bte.o)
                0x8001920c                bte_received
 .text.bte_disconnected
                0x80019234       0x28 d:/devkitPro/libogc/lib/wii\libbte.a(bte.o)
                0x80019234                bte_disconnected
 .text.acl_wlp_completed
                0x8001925c        0x8 d:/devkitPro/libogc/lib/wii\libbte.a(bte.o)
                0x8001925c                acl_wlp_completed
 .text.l2cap_accepted
                0x80019264      0x10c d:/devkitPro/libogc/lib/wii\libbte.a(bte.o)
                0x80019264                l2cap_accepted
 .text.l2cap_disconnected_ind
                0x80019370      0x174 d:/devkitPro/libogc/lib/wii\libbte.a(bte.o)
                0x80019370                l2cap_disconnected_ind
 .text.__bte_send_pending_request
                0x800194e4       0xe0 d:/devkitPro/libogc/lib/wii\libbte.a(bte.o)
 .text.bte_process_input
                0x800195c4      0x100 d:/devkitPro/libogc/lib/wii\libbte.a(bte.o)
 .text.__bte_send_request
                0x800196c4       0x90 d:/devkitPro/libogc/lib/wii\libbte.a(bte.o)
 .text.bte_disconnect
                0x80019754       0x80 d:/devkitPro/libogc/lib/wii\libbte.a(bte.o)
                0x80019754                bte_disconnect
 .text.l2cap_disconnect_cfm
                0x800197d4      0x118 d:/devkitPro/libogc/lib/wii\libbte.a(bte.o)
                0x800197d4                l2cap_disconnect_cfm
 .text.acl_conn_complete
                0x800198ec       0x2c d:/devkitPro/libogc/lib/wii\libbte.a(bte.o)
                0x800198ec                acl_conn_complete
 .text.bte_sendmessageasync
                0x80019918      0x160 d:/devkitPro/libogc/lib/wii\libbte.a(bte.o)
                0x80019918                bte_sendmessageasync
 .text.bte_registerdeviceasync
                0x80019a78      0x184 d:/devkitPro/libogc/lib/wii\libbte.a(bte.o)
                0x80019a78                bte_registerdeviceasync
 .text.bte_new  0x80019bfc       0x60 d:/devkitPro/libogc/lib/wii\libbte.a(bte.o)
                0x80019bfc                bte_new
 .text.BTE_InitSub
                0x80019c5c       0x7c d:/devkitPro/libogc/lib/wii\libbte.a(bte.o)
                0x80019c5c                BTE_InitSub
 .text.BTE_ApplyPatch
                0x80019cd8       0x90 d:/devkitPro/libogc/lib/wii\libbte.a(bte.o)
                0x80019cd8                BTE_ApplyPatch
 .text.BTE_InitCore
                0x80019d68       0x78 d:/devkitPro/libogc/lib/wii\libbte.a(bte.o)
                0x80019d68                BTE_InitCore
 .text.BTE_ReadStoredLinkKey
                0x80019de0       0x7c d:/devkitPro/libogc/lib/wii\libbte.a(bte.o)
                0x80019de0                BTE_ReadStoredLinkKey
 .text.BTE_Shutdown
                0x80019e5c       0xec d:/devkitPro/libogc/lib/wii\libbte.a(bte.o)
                0x80019e5c                BTE_Shutdown
 .text.__bte_shutdown_finished
                0x80019f48      0x104 d:/devkitPro/libogc/lib/wii\libbte.a(bte.o)
 .text.BTE_Init
                0x8001a04c      0x120 d:/devkitPro/libogc/lib/wii\libbte.a(bte.o)
                0x8001a04c                BTE_Init
 .text.bt_alarmhandler
                0x8001a16c       0x60 d:/devkitPro/libogc/lib/wii\libbte.a(bte.o)
 .text.bte_hci_initsub_complete
                0x8001a1cc      0x208 d:/devkitPro/libogc/lib/wii\libbte.a(bte.o)
                0x8001a1cc                bte_hci_initsub_complete
 .text.bte_hci_patch_complete
                0x8001a3d4      0x290 d:/devkitPro/libogc/lib/wii\libbte.a(bte.o)
                0x8001a3d4                bte_hci_patch_complete
 .text.bte_hci_apply_patch_complete
                0x8001a664      0x148 d:/devkitPro/libogc/lib/wii\libbte.a(bte.o)
                0x8001a664                bte_hci_apply_patch_complete
 .text.bte_hci_initcore_complete
                0x8001a7ac      0x1f4 d:/devkitPro/libogc/lib/wii\libbte.a(bte.o)
                0x8001a7ac                bte_hci_initcore_complete
 .text.bte_hci_initcore_complete2
                0x8001a9a0      0x1bc d:/devkitPro/libogc/lib/wii\libbte.a(bte.o)
                0x8001a9a0                bte_hci_initcore_complete2
 .text.bte_read_stored_link_key_complete
                0x8001ab5c      0x228 d:/devkitPro/libogc/lib/wii\libbte.a(bte.o)
                0x8001ab5c                bte_read_stored_link_key_complete
 .text.hci_get_link
                0x8001ad84       0x88 d:/devkitPro/libogc/lib/wii\libbte.a(hci.o)
                0x8001ad84                hci_get_link
 .text.hci_arg  0x8001ae0c       0x10 d:/devkitPro/libogc/lib/wii\libbte.a(hci.o)
                0x8001ae0c                hci_arg
 .text.hci_cmd_complete
                0x8001ae1c       0x10 d:/devkitPro/libogc/lib/wii\libbte.a(hci.o)
                0x8001ae1c                hci_cmd_complete
 .text.hci_connection_complete
                0x8001ae2c       0x10 d:/devkitPro/libogc/lib/wii\libbte.a(hci.o)
                0x8001ae2c                hci_connection_complete
 .text.hci_wlp_complete
                0x8001ae3c       0x10 d:/devkitPro/libogc/lib/wii\libbte.a(hci.o)
                0x8001ae3c                hci_wlp_complete
 .text.hci_cmd_ass
                0x8001ae4c       0x4c d:/devkitPro/libogc/lib/wii\libbte.a(hci.o)
                0x8001ae4c                hci_cmd_ass
 .text.lp_pdu_maxsize
                0x8001ae98       0x10 d:/devkitPro/libogc/lib/wii\libbte.a(hci.o)
                0x8001ae98                lp_pdu_maxsize
 .text.hci_host_num_comp_packets
                0x8001aea8       0xe8 d:/devkitPro/libogc/lib/wii\libbte.a(hci.o)
                0x8001aea8                hci_host_num_comp_packets
 .text.hci_write_cod
                0x8001af90       0xa8 d:/devkitPro/libogc/lib/wii\libbte.a(hci.o)
                0x8001af90                hci_write_cod
 .text.hci_disconnect
                0x8001b038       0xf0 d:/devkitPro/libogc/lib/wii\libbte.a(hci.o)
                0x8001b038                hci_disconnect
 .text.hci_pin_code_request_neg_reply
                0x8001b128       0xa8 d:/devkitPro/libogc/lib/wii\libbte.a(hci.o)
                0x8001b128                hci_pin_code_request_neg_reply
 .text.hci_vendor_specific_command
                0x8001b1d0       0xd4 d:/devkitPro/libogc/lib/wii\libbte.a(hci.o)
                0x8001b1d0                hci_vendor_specific_command
 .text.hci_write_inquiry_scan_type
                0x8001b2a4       0x9c d:/devkitPro/libogc/lib/wii\libbte.a(hci.o)
                0x8001b2a4                hci_write_inquiry_scan_type
 .text.hci_write_page_scan_type
                0x8001b340       0x9c d:/devkitPro/libogc/lib/wii\libbte.a(hci.o)
                0x8001b340                hci_write_page_scan_type
 .text.hci_write_inquiry_mode
                0x8001b3dc       0x9c d:/devkitPro/libogc/lib/wii\libbte.a(hci.o)
                0x8001b3dc                hci_write_inquiry_mode
 .text.hci_write_pin_type
                0x8001b478       0x9c d:/devkitPro/libogc/lib/wii\libbte.a(hci.o)
                0x8001b478                hci_write_pin_type
 .text.hci_write_local_name
                0x8001b514       0xb8 d:/devkitPro/libogc/lib/wii\libbte.a(hci.o)
                0x8001b514                hci_write_local_name
 .text.hci_accecpt_conn_request
                0x8001b5cc       0xbc d:/devkitPro/libogc/lib/wii\libbte.a(hci.o)
                0x8001b5cc                hci_accecpt_conn_request
 .text.hci_write_scan_enable
                0x8001b688       0x9c d:/devkitPro/libogc/lib/wii\libbte.a(hci.o)
                0x8001b688                hci_write_scan_enable
 .text.hci_read_local_features
                0x8001b724       0x88 d:/devkitPro/libogc/lib/wii\libbte.a(hci.o)
                0x8001b724                hci_read_local_features
 .text.hci_read_local_version
                0x8001b7ac       0x88 d:/devkitPro/libogc/lib/wii\libbte.a(hci.o)
                0x8001b7ac                hci_read_local_version
 .text.hci_read_bd_addr
                0x8001b834       0x88 d:/devkitPro/libogc/lib/wii\libbte.a(hci.o)
                0x8001b834                hci_read_bd_addr
 .text.hci_read_buffer_size
                0x8001b8bc       0x88 d:/devkitPro/libogc/lib/wii\libbte.a(hci.o)
                0x8001b8bc                hci_read_buffer_size
 .text.hci_reset
                0x8001b944       0x88 d:/devkitPro/libogc/lib/wii\libbte.a(hci.o)
                0x8001b944                hci_reset
 .text.lp_acl_write
                0x8001b9cc      0x1b8 d:/devkitPro/libogc/lib/wii\libbte.a(hci.o)
                0x8001b9cc                lp_acl_write
 .text.hci_new  0x8001bb84       0x54 d:/devkitPro/libogc/lib/wii\libbte.a(hci.o)
                0x8001bb84                hci_new
 .text.hci_read_stored_link_key
                0x8001bbd8       0xf0 d:/devkitPro/libogc/lib/wii\libbte.a(hci.o)
                0x8001bbd8                hci_read_stored_link_key
 .text.hci_close
                0x8001bcc8      0x13c d:/devkitPro/libogc/lib/wii\libbte.a(hci.o)
                0x8001bcc8                hci_close
 .text.hci_init
                0x8001be04       0xc0 d:/devkitPro/libogc/lib/wii\libbte.a(hci.o)
                0x8001be04                hci_init
 .text.hci_reset_all
                0x8001bec4       0xd4 d:/devkitPro/libogc/lib/wii\libbte.a(hci.o)
                0x8001bec4                hci_reset_all
 .text.hci_write_page_timeout
                0x8001bf98       0xac d:/devkitPro/libogc/lib/wii\libbte.a(hci.o)
                0x8001bf98                hci_write_page_timeout
 .text.hci_acldata_handler
                0x8001c044      0x138 d:/devkitPro/libogc/lib/wii\libbte.a(hci.o)
                0x8001c044                hci_acldata_handler
 .text.hci_event_handler
                0x8001c17c      0xbe0 d:/devkitPro/libogc/lib/wii\libbte.a(hci.o)
                0x8001c17c                hci_event_handler
 .text.lp_write_flush_timeout
                0x8001cd5c       0xf8 d:/devkitPro/libogc/lib/wii\libbte.a(hci.o)
                0x8001cd5c                lp_write_flush_timeout
 .text.hci_host_buffer_size
                0x8001ce54       0xec d:/devkitPro/libogc/lib/wii\libbte.a(hci.o)
                0x8001ce54                hci_host_buffer_size
 .text.hci_write_link_policy_settings
                0x8001cf40       0xf8 d:/devkitPro/libogc/lib/wii\libbte.a(hci.o)
                0x8001cf40                hci_write_link_policy_settings
 .text.l2cap_cid_alloc
                0x8001d038       0x60 d:/devkitPro/libogc/lib/wii\libbte.a(l2cap.o)
 .text.lp_connect_ind
                0x8001d098        0x4 d:/devkitPro/libogc/lib/wii\libbte.a(l2cap.o)
                0x8001d098                lp_connect_ind
 .text.l2cap_next_sigid
                0x8001d09c       0x2c d:/devkitPro/libogc/lib/wii\libbte.a(l2cap.o)
                0x8001d09c                l2cap_next_sigid
 .text.l2cap_arg
                0x8001d0c8        0x8 d:/devkitPro/libogc/lib/wii\libbte.a(l2cap.o)
                0x8001d0c8                l2cap_arg
 .text.l2cap_disconnect_ind
                0x8001d0d0        0x8 d:/devkitPro/libogc/lib/wii\libbte.a(l2cap.o)
                0x8001d0d0                l2cap_disconnect_ind
 .text.l2cap_recv
                0x8001d0d8        0x8 d:/devkitPro/libogc/lib/wii\libbte.a(l2cap.o)
                0x8001d0d8                l2cap_recv
 .text.l2cap_connect_ind
                0x8001d0e0      0x118 d:/devkitPro/libogc/lib/wii\libbte.a(l2cap.o)
                0x8001d0e0                l2cap_connect_ind
 .text.l2cap_close
                0x8001d1f8      0x1c8 d:/devkitPro/libogc/lib/wii\libbte.a(l2cap.o)
                0x8001d1f8                l2cap_close
 .text.lp_disconnect_ind
                0x8001d3c0       0xe8 d:/devkitPro/libogc/lib/wii\libbte.a(l2cap.o)
                0x8001d3c0                lp_disconnect_ind
 .text.l2cap_new
                0x8001d4a8       0xa0 d:/devkitPro/libogc/lib/wii\libbte.a(l2cap.o)
                0x8001d4a8                l2cap_new
 .text.l2cap_write
                0x8001d548      0x1a4 d:/devkitPro/libogc/lib/wii\libbte.a(l2cap.o)
                0x8001d548                l2cap_write
 .text.l2cap_rexmit_signal
                0x8001d6ec       0x2c d:/devkitPro/libogc/lib/wii\libbte.a(l2cap.o)
                0x8001d6ec                l2cap_rexmit_signal
 .text.l2cap_signal
                0x8001d718      0x210 d:/devkitPro/libogc/lib/wii\libbte.a(l2cap.o)
                0x8001d718                l2cap_signal
 .text.l2ca_disconnect_req
                0x8001d928       0xe4 d:/devkitPro/libogc/lib/wii\libbte.a(l2cap.o)
                0x8001d928                l2ca_disconnect_req
 .text.l2cap_tmr
                0x8001da0c      0x244 d:/devkitPro/libogc/lib/wii\libbte.a(l2cap.o)
                0x8001da0c                l2cap_tmr
 .text.l2ca_config_req
                0x8001dc50      0x1ac d:/devkitPro/libogc/lib/wii\libbte.a(l2cap.o)
                0x8001dc50                l2ca_config_req
 .text.l2cap_process_sig
                0x8001ddfc     0x12cc d:/devkitPro/libogc/lib/wii\libbte.a(l2cap.o)
                0x8001ddfc                l2cap_process_sig
 .text.l2cap_init
                0x8001f0c8       0x80 d:/devkitPro/libogc/lib/wii\libbte.a(l2cap.o)
                0x8001f0c8                l2cap_init
 .text.l2cap_reset_all
                0x8001f148      0x150 d:/devkitPro/libogc/lib/wii\libbte.a(l2cap.o)
                0x8001f148                l2cap_reset_all
 .text.lp_connect_cfm
                0x8001f298      0x194 d:/devkitPro/libogc/lib/wii\libbte.a(l2cap.o)
                0x8001f298                lp_connect_cfm
 .text.l2ca_datawrite
                0x8001f42c      0x144 d:/devkitPro/libogc/lib/wii\libbte.a(l2cap.o)
                0x8001f42c                l2ca_datawrite
 .text.l2cap_input
                0x8001f570      0x590 d:/devkitPro/libogc/lib/wii\libbte.a(l2cap.o)
                0x8001f570                l2cap_input
 .text.btmemb_alloc
                0x8001fb00       0x98 d:/devkitPro/libogc/lib/wii\libbte.a(btmemb.o)
                0x8001fb00                btmemb_alloc
 .text.btmemb_free
                0x8001fb98       0x94 d:/devkitPro/libogc/lib/wii\libbte.a(btmemb.o)
                0x8001fb98                btmemb_free
 .text.btmemb_init
                0x8001fc2c       0x40 d:/devkitPro/libogc/lib/wii\libbte.a(btmemb.o)
                0x8001fc2c                btmemb_init
 .text.plug_holes
                0x8001fc6c       0xcc d:/devkitPro/libogc/lib/wii\libbte.a(btmemr.o)
 .text.btmemr_malloc
                0x8001fd38      0x168 d:/devkitPro/libogc/lib/wii\libbte.a(btmemr.o)
                0x8001fd38                btmemr_malloc
 .text.btmemr_free
                0x8001fea0       0x8c d:/devkitPro/libogc/lib/wii\libbte.a(btmemr.o)
                0x8001fea0                btmemr_free
 .text.btmemr_realloc
                0x8001ff2c      0x13c d:/devkitPro/libogc/lib/wii\libbte.a(btmemr.o)
                0x8001ff2c                btmemr_realloc
 .text.btmemr_init
                0x80020068       0x98 d:/devkitPro/libogc/lib/wii\libbte.a(btmemr.o)
                0x80020068                btmemr_init
 .text.btpbuf_header
                0x80020100       0xa8 d:/devkitPro/libogc/lib/wii\libbte.a(btpbuf.o)
                0x80020100                btpbuf_header
 .text.btpbuf_ref
                0x800201a8       0x38 d:/devkitPro/libogc/lib/wii\libbte.a(btpbuf.o)
                0x800201a8                btpbuf_ref
 .text.btpbuf_cat
                0x800201e0       0x5c d:/devkitPro/libogc/lib/wii\libbte.a(btpbuf.o)
                0x800201e0                btpbuf_cat
 .text.btpbuf_chain
                0x8002023c       0x30 d:/devkitPro/libogc/lib/wii\libbte.a(btpbuf.o)
                0x8002023c                btpbuf_chain
 .text.btpbuf_free
                0x8002026c       0xfc d:/devkitPro/libogc/lib/wii\libbte.a(btpbuf.o)
                0x8002026c                btpbuf_free
 .text.btpbuf_dechain
                0x80020368       0x7c d:/devkitPro/libogc/lib/wii\libbte.a(btpbuf.o)
                0x80020368                btpbuf_dechain
 .text.btpbuf_realloc
                0x800203e4       0xc0 d:/devkitPro/libogc/lib/wii\libbte.a(btpbuf.o)
                0x800203e4                btpbuf_realloc
 .text.btpbuf_alloc
                0x800204a4      0x334 d:/devkitPro/libogc/lib/wii\libbte.a(btpbuf.o)
                0x800204a4                btpbuf_alloc
 .text.btpbuf_take
                0x800207d8      0x124 d:/devkitPro/libogc/lib/wii\libbte.a(btpbuf.o)
                0x800207d8                btpbuf_take
 .text.btpbuf_init
                0x800208fc       0x34 d:/devkitPro/libogc/lib/wii\libbte.a(btpbuf.o)
                0x800208fc                btpbuf_init
 .text.__usb_closeCB
                0x80020930       0x10 d:/devkitPro/libogc/lib/wii\libbte.a(physbusif.o)
 .text.physbusif_close
                0x80020940       0x2c d:/devkitPro/libogc/lib/wii\libbte.a(physbusif.o)
                0x80020940                physbusif_close
 .text.physbusif_reset_all
                0x8002096c        0x4 d:/devkitPro/libogc/lib/wii\libbte.a(physbusif.o)
                0x8002096c                physbusif_reset_all
 .text.physbusif_output
                0x80020970      0x18c d:/devkitPro/libogc/lib/wii\libbte.a(physbusif.o)
                0x80020970                physbusif_output
 .text.__writebulkmsgCB
                0x80020afc       0x40 d:/devkitPro/libogc/lib/wii\libbte.a(physbusif.o)
 .text.__writectrlmsgCB
                0x80020b3c       0x40 d:/devkitPro/libogc/lib/wii\libbte.a(physbusif.o)
 .text.physbusif_shutdown
                0x80020b7c       0x50 d:/devkitPro/libogc/lib/wii\libbte.a(physbusif.o)
                0x80020b7c                physbusif_shutdown
 .text.__initUsbIOBuffer
                0x80020bcc       0x98 d:/devkitPro/libogc/lib/wii\libbte.a(physbusif.o)
 .text.__issue_intrread
                0x80020c64       0xbc d:/devkitPro/libogc/lib/wii\libbte.a(physbusif.o)
 .text.__readintrdataCB
                0x80020d20      0x140 d:/devkitPro/libogc/lib/wii\libbte.a(physbusif.o)
 .text.__issue_bulkread
                0x80020e60       0xbc d:/devkitPro/libogc/lib/wii\libbte.a(physbusif.o)
 .text.physbusif_init
                0x80020f1c      0x1d0 d:/devkitPro/libogc/lib/wii\libbte.a(physbusif.o)
                0x80020f1c                physbusif_init
 .text.__readbulkdataCB
                0x800210ec      0x140 d:/devkitPro/libogc/lib/wii\libbte.a(physbusif.o)
 .text.__console_clear
                0x8002122c       0x60 d:/devkitPro/libogc/lib/wii\libogc.a(console.o)
 .text.__console_write
                0x8002128c      0x5f8 d:/devkitPro/libogc/lib/wii\libogc.a(console.o)
                0x8002128c                __console_write
 .text.__console_init
                0x80021884       0xf8 d:/devkitPro/libogc/lib/wii\libogc.a(console.o)
                0x80021884                __console_init
 .text.CON_Init
                0x8002197c        0x4 d:/devkitPro/libogc/lib/wii\libogc.a(console.o)
                0x8002197c                CON_Init
 .text.__lwp_queue_initialize
                0x80021980       0x54 d:/devkitPro/libogc/lib/wii\libogc.a(lwp_queue.o)
                0x80021980                __lwp_queue_initialize
 .text.__lwp_queue_get
                0x800219d4       0x54 d:/devkitPro/libogc/lib/wii\libogc.a(lwp_queue.o)
                0x800219d4                __lwp_queue_get
 .text.__lwp_queue_append
                0x80021a28       0x3c d:/devkitPro/libogc/lib/wii\libogc.a(lwp_queue.o)
                0x80021a28                __lwp_queue_append
 .text.__lwp_isr_in_progress
                0x80021a64        0x8 d:/devkitPro/libogc/lib/wii\libogc.a(lwp_threads.o)
                0x80021a64                __lwp_isr_in_progress
 .text.__lwp_thread_setstate
                0x80021a6c      0x128 d:/devkitPro/libogc/lib/wii\libogc.a(lwp_threads.o)
                0x80021a6c                __lwp_thread_setstate
 .text.__lwp_thread_clearstate
                0x80021b94       0xe4 d:/devkitPro/libogc/lib/wii\libogc.a(lwp_threads.o)
                0x80021b94                __lwp_thread_clearstate
 .text.__lwp_thread_setpriority
                0x80021c78       0x5c d:/devkitPro/libogc/lib/wii\libogc.a(lwp_threads.o)
                0x80021c78                __lwp_thread_setpriority
 .text.__lwp_thread_settransient
                0x80021cd4       0xa8 d:/devkitPro/libogc/lib/wii\libogc.a(lwp_threads.o)
                0x80021cd4                __lwp_thread_settransient
 .text.__lwp_thread_loadenv
                0x80021d7c       0x78 d:/devkitPro/libogc/lib/wii\libogc.a(lwp_threads.o)
                0x80021d7c                __lwp_thread_loadenv
 .text.__lwp_thread_ready
                0x80021df4       0xd8 d:/devkitPro/libogc/lib/wii\libogc.a(lwp_threads.o)
                0x80021df4                __lwp_thread_ready
 .text.__thread_dispatch
                0x80021ecc      0x110 d:/devkitPro/libogc/lib/wii\libogc.a(lwp_threads.o)
                0x80021ecc                __thread_dispatch
 .text.__lwp_thread_start
                0x80021fdc       0x64 d:/devkitPro/libogc/lib/wii\libogc.a(lwp_threads.o)
                0x80021fdc                __lwp_thread_start
 .text.__lwp_thread_close
                0x80022040      0x11c d:/devkitPro/libogc/lib/wii\libogc.a(lwp_threads.o)
                0x80022040                __lwp_thread_close
 .text.__lwp_thread_init
                0x8002215c      0x108 d:/devkitPro/libogc/lib/wii\libogc.a(lwp_threads.o)
                0x8002215c                __lwp_thread_init
 .text.__thread_dispatch_fp
                0x80022264       0x60 d:/devkitPro/libogc/lib/wii\libogc.a(lwp_threads.o)
                0x80022264                __thread_dispatch_fp
 .text.__lwp_thread_stopmultitasking
                0x800222c4       0x50 d:/devkitPro/libogc/lib/wii\libogc.a(lwp_threads.o)
                0x800222c4                __lwp_thread_stopmultitasking
 .text.__lwp_thread_startmultitasking
                0x80022314       0x70 d:/devkitPro/libogc/lib/wii\libogc.a(lwp_threads.o)
                0x80022314                __lwp_thread_startmultitasking
 .text.__lwp_thread_closeall
                0x80022384      0x10c d:/devkitPro/libogc/lib/wii\libogc.a(lwp_threads.o)
                0x80022384                __lwp_thread_closeall
 .text.__lwp_thread_changepriority
                0x80022490      0x188 d:/devkitPro/libogc/lib/wii\libogc.a(lwp_threads.o)
                0x80022490                __lwp_thread_changepriority
 .text.__lwp_thread_coreinit
                0x80022618       0x64 d:/devkitPro/libogc/lib/wii\libogc.a(lwp_threads.o)
                0x80022618                __lwp_thread_coreinit
 .text.__lwp_thread_exit
                0x8002267c       0x70 d:/devkitPro/libogc/lib/wii\libogc.a(lwp_threads.o)
                0x8002267c                __lwp_thread_exit
 .text.__lwp_thread_handler
                0x800226ec       0x7c d:/devkitPro/libogc/lib/wii\libogc.a(lwp_threads.o)
 .text.idle_func
                0x80022768        0x4 d:/devkitPro/libogc/lib/wii\libogc.a(lwp.o)
 .text.__lwp_sysinit
                0x8002276c      0x118 d:/devkitPro/libogc/lib/wii\libogc.a(lwp.o)
                0x8002276c                __lwp_sysinit
 .text.LWP_ThreadSignal
                0x80022884       0x74 d:/devkitPro/libogc/lib/wii\libogc.a(lwp.o)
                0x80022884                LWP_ThreadSignal
 .text.LWP_ThreadBroadcast
                0x800228f8       0x88 d:/devkitPro/libogc/lib/wii\libogc.a(lwp.o)
                0x800228f8                LWP_ThreadBroadcast
 .text.LWP_ThreadSleep
                0x80022980       0xd4 d:/devkitPro/libogc/lib/wii\libogc.a(lwp.o)
                0x80022980                LWP_ThreadSleep
 .text.LWP_CloseQueue
                0x80022a54       0xe8 d:/devkitPro/libogc/lib/wii\libogc.a(lwp.o)
                0x80022a54                LWP_CloseQueue
 .text.LWP_InitQueue
                0x80022b3c      0x124 d:/devkitPro/libogc/lib/wii\libogc.a(lwp.o)
                0x80022b3c                LWP_InitQueue
 .text.__lwp_stack_free
                0x80022c60       0x38 d:/devkitPro/libogc/lib/wii\libogc.a(lwp_stack.o)
                0x80022c60                __lwp_stack_free
 .text.__lwp_stack_allocate
                0x80022c98       0x6c d:/devkitPro/libogc/lib/wii\libogc.a(lwp_stack.o)
                0x80022c98                __lwp_stack_allocate
 .text.__lwp_watchdog_init
                0x80022d04       0x2c d:/devkitPro/libogc/lib/wii\libogc.a(lwp_watchdog.o)
                0x80022d04                __lwp_watchdog_init
 .text.__lwp_wd_settimer
                0x80022d30       0xc0 d:/devkitPro/libogc/lib/wii\libogc.a(lwp_watchdog.o)
 .text.__lwp_wd_remove
                0x80022df0      0x118 d:/devkitPro/libogc/lib/wii\libogc.a(lwp_watchdog.o)
                0x80022df0                __lwp_wd_remove
 .text.__lwp_wd_insert
                0x80022f08      0x1d4 d:/devkitPro/libogc/lib/wii\libogc.a(lwp_watchdog.o)
                0x80022f08                __lwp_wd_insert
 .text.__lwp_wd_tickle
                0x800230dc      0x104 d:/devkitPro/libogc/lib/wii\libogc.a(lwp_watchdog.o)
                0x800230dc                __lwp_wd_tickle
 .text.__lwp_wkspace_init
                0x800231e0       0xb0 d:/devkitPro/libogc/lib/wii\libogc.a(lwp_wkspace.o)
                0x800231e0                __lwp_wkspace_init
 .text.__lwp_objmgr_getisrdisable
                0x80023290       0x50 d:/devkitPro/libogc/lib/wii\libogc.a(lwp_objmgr.o)
                0x80023290                __lwp_objmgr_getisrdisable
 .text.__lwp_objmgr_getnoprotection
                0x800232e0       0x24 d:/devkitPro/libogc/lib/wii\libogc.a(lwp_objmgr.o)
                0x800232e0                __lwp_objmgr_getnoprotection
 .text.__lwp_objmgr_allocate
                0x80023304       0x60 d:/devkitPro/libogc/lib/wii\libogc.a(lwp_objmgr.o)
                0x80023304                __lwp_objmgr_allocate
 .text.__lwp_objmgr_free
                0x80023364       0x4c d:/devkitPro/libogc/lib/wii\libogc.a(lwp_objmgr.o)
                0x80023364                __lwp_objmgr_free
 .text.__lwp_objmgr_get
                0x800233b0       0x78 d:/devkitPro/libogc/lib/wii\libogc.a(lwp_objmgr.o)
                0x800233b0                __lwp_objmgr_get
 .text.__lwp_objmgr_initinfo
                0x80023428      0x1b0 d:/devkitPro/libogc/lib/wii\libogc.a(lwp_objmgr.o)
                0x80023428                __lwp_objmgr_initinfo
 .text.__lwp_heap_init
                0x800235d8       0x8c d:/devkitPro/libogc/lib/wii\libogc.a(lwp_heap.o)
                0x800235d8                __lwp_heap_init
 .text.__lwp_heap_free
                0x80023664      0x184 d:/devkitPro/libogc/lib/wii\libogc.a(lwp_heap.o)
                0x80023664                __lwp_heap_free
 .text.__lwp_heap_allocate
                0x800237e8      0x130 d:/devkitPro/libogc/lib/wii\libogc.a(lwp_heap.o)
                0x800237e8                __lwp_heap_allocate
 .text.c_irqdispatcher
                0x80023918      0x2ac d:/devkitPro/libogc/lib/wii\libogc.a(irq.o)
                0x80023918                c_irqdispatcher
 .text.__SetInterrupts
                0x80023bc4      0x268 d:/devkitPro/libogc/lib/wii\libogc.a(irq.o)
 .text.__UnmaskIrq
                0x80023e2c       0x80 d:/devkitPro/libogc/lib/wii\libogc.a(irq.o)
                0x80023e2c                __UnmaskIrq
 .text.__MaskIrq
                0x80023eac       0x80 d:/devkitPro/libogc/lib/wii\libogc.a(irq.o)
                0x80023eac                __MaskIrq
 .text.IRQ_Request
                0x80023f2c       0x44 d:/devkitPro/libogc/lib/wii\libogc.a(irq.o)
                0x80023f2c                IRQ_Request
 .text.IRQ_GetHandler
                0x80023f70       0x34 d:/devkitPro/libogc/lib/wii\libogc.a(irq.o)
                0x80023f70                IRQ_GetHandler
 .text.IRQ_Disable
                0x80023fa4       0x20 d:/devkitPro/libogc/lib/wii\libogc.a(irq.o)
                0x80023fa4                IRQ_Disable
 .text.IRQ_Restore
                0x80023fc4        0x8 d:/devkitPro/libogc/lib/wii\libogc.a(irq.o)
                0x80023fc4                IRQ_Restore
 .text.__irq_init
                0x80023fcc       0xac d:/devkitPro/libogc/lib/wii\libogc.a(irq.o)
                0x80023fcc                __irq_init
 .text.__gettiming
                0x80024078       0xb0 d:/devkitPro/libogc/lib/wii\libogc.a(video.o)
 .text.VIDEO_Flush
                0x80024128      0x164 d:/devkitPro/libogc/lib/wii\libogc.a(video.o)
                0x80024128                VIDEO_Flush
 .text.VIDEO_GetCurrentTvMode
                0x8002428c       0x60 d:/devkitPro/libogc/lib/wii\libogc.a(video.o)
                0x8002428c                VIDEO_GetCurrentTvMode
 .text.VIDEO_HaveComponentCable
                0x800242ec       0x14 d:/devkitPro/libogc/lib/wii\libogc.a(video.o)
                0x800242ec                VIDEO_HaveComponentCable
 .text.VIDEO_GetPreferredMode
                0x80024300       0xd0 d:/devkitPro/libogc/lib/wii\libogc.a(video.o)
                0x80024300                VIDEO_GetPreferredMode
 .text.VIDEO_WaitVSync
                0x800243d0       0x7c d:/devkitPro/libogc/lib/wii\libogc.a(video.o)
                0x800243d0                VIDEO_WaitVSync
 .text.VIDEO_Init
                0x8002444c      0x6e0 d:/devkitPro/libogc/lib/wii\libogc.a(video.o)
                0x8002444c                VIDEO_Init
 .text.__VISendI2CData
                0x80024b2c      0x524 d:/devkitPro/libogc/lib/wii\libogc.a(video.o)
 .text.__VISetFilterEURGB60
                0x80025050       0x3c d:/devkitPro/libogc/lib/wii\libogc.a(video.o)
 .text.__VIRetraceHandler
                0x8002508c      0x380 d:/devkitPro/libogc/lib/wii\libogc.a(video.o)
 .text.VIDEO_GetCurrentLine
                0x8002540c       0x94 d:/devkitPro/libogc/lib/wii\libogc.a(video.o)
                0x8002540c                VIDEO_GetCurrentLine
 .text.VIDEO_SetBlack
                0x800254a0      0x144 d:/devkitPro/libogc/lib/wii\libogc.a(video.o)
                0x800254a0                VIDEO_SetBlack
 .text.VIDEO_Configure